SQL*Plus: Release 11.2.0.2.0 Production on 수 12월 18 10:28:32 2019

Copyright (c) 1982, 2014, Oracle.  All rights reserved.

SQL> conn system/manager
Connected.
SQL> create user java identified by java;

User created.

SQL> conn java/java
ERROR:
ORA-01045: user JAVA lacks CREATE SESSION privilege; logon denied


Warning: You are no longer connected to ORACLE.
SQL> conn system/manager
Connected.
SQL> grant connect,resource to java;

Grant succeeded.

SQL> conn java/java
Connected.
SQL> set linesize 300;
SQL> select
  2  from tab;
from tab
*
ERROR at line 2:
ORA-00936: missing expression


SQL> select *                            //조회구문
  2  from tab;

no rows selected

SQL> select sysdate from dual;      //sysdate 함수라 생각(날짜 조회)

SYSDATE
--------
19/12/18

SQL> conn scott/tiger
Connected.
SQL> create table customer(
  2         id varchar2(10) primary key,
  3         pass varchar2(10),
  4         name varchar2(15) not null,
  5         point number,
  6         regdate date);

Table created.

SQL> select * from tab;

TNAME                                                        TABTYPE         CLUSTERID
------------------------------------------------------------ -------------- ----------
CUSTOMER                                                     TABLE

SQL> desc customer
 Name                                                                                                                                                                          Null?    Type
 ----------------------------------------------------------------------------------------------------------------------------------------------------------------------------- -------- --------------------------------------------------------------------------------------------------------------------
 ID                                                                                                                                                                            NOT NULL VARCHAR2(10)
 PASS                                                                                                                                                                                   VARCHAR2(10)
 NAME                                                                                                                                                                          NOT NULL VARCHAR2(10)
 POINT                                                                                                                                                                                  NUMBER
 REGDATE                                                                                                                                                                                DATE

SQL> insert into customer values('jang','1234','장동건',1000,sysdate);

1 row created.



-----------------------오라클 종료 후 다시 시작---------------------------------

SQL*Plus: Release 11.2.0.2.0 Production on 수 12월 18 14:07:58 2019

Copyright (c) 1982, 2014, Oracle.  All rights reserved.

SQL> conn scott/tiger;
Connected.
SQL> select * from customer;

no rows selected

SQL> insert into customer values('jang','1234','장동건',1000,sysdate);

1 row created.

SQL> commit;

Commit complete.

SQL> select * from customer;

ID                   PASS                 NAME                      POINT
-------------------- -------------------- -------------------- ----------
REGDATE
--------
jang                 1234                 장동건                     1000
19/12/18


SQL> set linesize 300;
SQL> select * from customer;

ID                   PASS                 NAME                      POINT REGDATE
-------------------- -------------------- -------------------- ---------- --------
jang                 1234                 장동건                     1000 19/12/18

SQL> create table test(
  2     num1 number,
  3     num2 number(3),
  4     num3 number(3,2),
  5     num4 number(5,2),
  6     num5 number(10,3),
  7     num6 integer);

Table created.

SQL> insert into test values(125.88,125.88,125.88,125.88,1234.12345,125.88);
insert into test values(125.88,125.88,125.88,125.88,1234.12345,125.88)
                                      *
ERROR at line 1:
ORA-01438: value larger than specified precision allowed for this column


SQL> insert into test values(125.88,125.88,5.88,125.88,1234.12345,125.88);

1 row created.

SQL> select * from test;

      NUM1       NUM2       NUM3       NUM4       NUM5       NUM6
---------- ---------- ---------- ---------- ---------- ----------
    125.88        126       5.88     125.88   1234.123        126
SQL> select user from dual;

USER
------------------------------------------------------------
SCOTT

SQL> create table PRODUCT(
  2     PDNO NUMBER primary key,
  3     PDNAME VARCHAR2(10),
  4     PDSUBNAME varchar2(10) not null,
  5     FACTNO VARCHAR2(5),
  6     PDDATE date,
  7     PDCOST number,
  8     PDPRICE number,
  9     PDAMOUNT number);

Table created.

SQL> create table FACTORY(
  2     FACTNO VARCHAR2(5) primary key,
  3     FACNAME VARCHAR2(14) not null,
  4     FACLOC VARCHAR2(13));

Table created.

SQL> create table STORE(
  2     STONO VARCHAR2(5) primary key,
  3     STONAME VARCHAR2(14) not null,
  4     PDNO number,
  5     STAMOUNT number,
  6     STSALES number,
  7     STPRICE number);

Table created.

SQL> desc product
 Name                                                                                                                                                                          Null?    Type
 ----------------------------------------------------------------------------------------------------------------------------------------------------------------------------- -------- --------------------------------------------------------------------------------------------------------------------
 PDNO                                                                                                                                                                          NOT NULL NUMBER
 PDNAME                                                                                                                                                                                 VARCHAR2(10)
 PDSUBNAME                                                                                                                                                                     NOT NULL VARCHAR2(10)
 FACTNO                                                                                                                                                                                 VARCHAR2(5)
 PDDATE                                                                                                                                                                                 DATE
 PDCOST                                                                                                                                                                                 NUMBER
 PDPRICE                                                                                                                                                                                NUMBER
 PDAMOUNT                                                                                                                                                                               NUMBER

SQL> desc factory
 Name                                                                                                                                                                          Null?    Type
 ----------------------------------------------------------------------------------------------------------------------------------------------------------------------------- -------- --------------------------------------------------------------------------------------------------------------------
 FACTNO                                                                                                                                                                        NOT NULL VARCHAR2(5)
 FACNAME                                                                                                                                                                       NOT NULL VARCHAR2(14)
 FACLOC                                                                                                                                                                                 VARCHAR2(13)

SQL> desc store
 Name                                                                                                                                                                          Null?    Type
 ----------------------------------------------------------------------------------------------------------------------------------------------------------------------------- -------- --------------------------------------------------------------------------------------------------------------------
 STONO                                                                                                                                                                         NOT NULL VARCHAR2(5)
 STONAME                                                                                                                                                                       NOT NULL VARCHAR2(14)
 PDNO                                                                                                                                                                                   NUMBER
 STAMOUNT                                                                                                                                                                               NUMBER
 STSALES                                                                                                                                                                                NUMBER
 STPRICE                                                                                                                                                                                NUMBER

SQL> DROP TABLE EMP;
DROP TABLE EMP
           *
ERROR at line 1:
ORA-00942: table or view does not exist


SQL> DROP TABLE DEPT;
DROP TABLE DEPT
           *
ERROR at line 1:
ORA-00942: table or view does not exist


SQL> DROP TABLE LOCATIONS;
DROP TABLE LOCATIONS
           *
ERROR at line 1:
ORA-00942: table or view does not exist


SQL> DROP TABLE SALGRADE;
DROP TABLE SALGRADE
           *
ERROR at line 1:
ORA-00942: table or view does not exist


SQL>
SQL>
SQL> CREATE TABLE EMP
  2  (EMPNO NUMBER(4) PRIMARY KEY,
  3  ENAME VARCHAR2(10),
  4  JOB VARCHAR2(9),
  5  MGR NUMBER(4),
  6  HIREDATE DATE,
  7  SAL number(7,2),
  8  COMM number(7,2),
  9  DEPTNO number(2));

Table created.

SQL>
SQL> INSERT INTO EMP VALUES
  2  (7369,'SMITH','CLERK',7902,'1980-12-17',800,null,20);

1 row created.

SQL> INSERT INTO EMP VALUES
  2  (7499,'ALLEN','SALESMAN',7698,'1981-02-20',1600,300,30);

1 row created.

SQL> INSERT INTO EMP VALUES
  2  (7521,'WARD','SALESMAN',7698,'1981-02-22',1250,500,30);

1 row created.

SQL> INSERT INTO EMP VALUES
  2  (7566,'JONES','MANAGER',7839,'1981-04-02',2975,null,20);

1 row created.

SQL> INSERT INTO EMP VALUES
  2  (7654,'MARTIN','SALESMAN',7698,'1981-09-28',1250,1400,30);

1 row created.

SQL> INSERT INTO EMP VALUES
  2  (7698,'BLAKE','MANAGER',7839,'1981-05-01',2850,null,30);

1 row created.

SQL> INSERT INTO EMP VALUES
  2  (7782,'CLARK','MANAGER',7839,'1981-06-09',2450,null,10);

1 row created.

SQL> INSERT INTO EMP VALUES
  2  (7788,'SCOTT','ANALYST',7566,'1982-12-09',3000,null,20);

1 row created.

SQL> INSERT INTO EMP VALUES
  2  (7839,'KING','PRESIDENT',null,'1981-11-17',5000,null,10);

1 row created.

SQL> INSERT INTO EMP VALUES
  2  (7844,'TURNER','SALESMAN',7698,'1981-09-08',1500,0,30);

1 row created.

SQL> INSERT INTO EMP VALUES
  2  (7876,'ADAMS','CLERK',7788,'1983-01-12',1100,null,20);

1 row created.

SQL> INSERT INTO EMP VALUES
  2  (7900,'JAMES','CLERK',7698,'1981-12-03',950,null,30);

1 row created.

SQL> INSERT INTO EMP VALUES
  2  (7902,'FORD','ANALYST',7566,'1981-12-03',3000,null,20);

1 row created.

SQL> INSERT INTO EMP VALUES
  2  (7934,'MILLER','CLERK',7782,'1982-01-23',1300,null,10);

1 row created.

SQL>
SQL> CREATE TABLE DEPT
  2  (DEPTNO number(7,2),
  3  DNAME VARCHAR2(14),
  4   LOC_CODE CHAR(2) );

Table created.

SQL>
SQL> INSERT INTO DEPT VALUES (10,'ACCOUNTING','A1');

1 row created.

SQL> INSERT INTO DEPT VALUES (20,'RESEARCH','B1');

1 row created.

SQL> INSERT INTO DEPT VALUES (30,'SALES','C1');

1 row created.

SQL> INSERT INTO DEPT VALUES (40,'OPERATIONS','A1');

1 row created.

SQL> INSERT INTO DEPT VALUES (50,'INSA',null);

1 row created.

SQL>
SQL> CREATE TABLE LOCATIONS
  2  (
  3    LOC_CODE CHAR(2) ,
  4  CITY  VARCHAR2(12)
  5  );

Table created.

SQL> INSERT INTO locations VALUES ('A1','SEOUL');

1 row created.

SQL> INSERT INTO locations VALUES ('B1','DALLAS');

1 row created.

SQL> INSERT INTO locations VALUES ('C1','CHICAGO');

1 row created.

SQL> INSERT INTO locations VALUES ('D1','BOSTON');

1 row created.

SQL>
SQL>
SQL> CREATE TABLE SALGRADE
  2  ( GRADE number(2),
  3  LOSAL number(8),
  4  HISAL number(8));

Table created.

SQL>
SQL> INSERT INTO SALGRADE VALUES (1,700,1200);

1 row created.

SQL> INSERT INTO SALGRADE VALUES (2,1201,1400);

1 row created.

SQL> INSERT INTO SALGRADE VALUES (3,1401,2000);

1 row created.

SQL> INSERT INTO SALGRADE VALUES (4,2001,3000);

1 row created.

SQL> INSERT INTO SALGRADE VALUES (5,3001,9999);

1 row created.

SQL> commit;

Commit complete.

SQL> select * from tab;

TNAME                                                        TABTYPE         CLUSTERID
------------------------------------------------------------ -------------- ----------
CUSTOMER                                                     TABLE
DEPT                                                         TABLE
EMP                                                          TABLE
FACTORY                                                      TABLE
LOCATIONS                                                    TABLE
PRODUCT                                                      TABLE
SALGRADE                                                     TABLE
STORE                                                        TABLE
TEST                                                         TABLE

9 rows selected.

SQL> select * from emp;

     EMPNO ENAME                JOB                       MGR HIREDATE        SAL       COMM     DEPTNO
---------- -------------------- ------------------ ---------- -------- ---------- ---------- ----------
      7369 SMITH                CLERK                    7902 80/12/17        800                    20
      7499 ALLEN                SALESMAN                 7698 81/02/20       1600        300         30
      7521 WARD                 SALESMAN                 7698 81/02/22       1250        500         30
      7566 JONES                MANAGER                  7839 81/04/02       2975                    20
      7654 MARTIN               SALESMAN                 7698 81/09/28       1250       1400         30
      7698 BLAKE                MANAGER                  7839 81/05/01       2850                    30
      7782 CLARK                MANAGER                  7839 81/06/09       2450                    10
      7788 SCOTT                ANALYST                  7566 82/12/09       3000                    20
      7839 KING                 PRESIDENT                     81/11/17       5000                    10
      7844 TURNER               SALESMAN                 7698 81/09/08       1500          0         30
      7876 ADAMS                CLERK                    7788 83/01/12       1100                    20

     EMPNO ENAME                JOB                       MGR HIREDATE        SAL       COMM     DEPTNO
---------- -------------------- ------------------ ---------- -------- ---------- ---------- ----------
      7900 JAMES                CLERK                    7698 81/12/03        950                    30
      7902 FORD                 ANALYST                  7566 81/12/03       3000                    20
      7934 MILLER               CLERK                    7782 82/01/23       1300                    10

14 rows selected.

SQL> select * from dept;

    DEPTNO DNAME                        LOC_
---------- ---------------------------- ----
        10 ACCOUNTING                   A1
        20 RESEARCH                     B1
        30 SALES                        C1
        40 OPERATIONS                   A1
        50 INSA

SQL> select * from locations;

LOC_ CITY
---- ------------------------
A1   SEOUL
B1   DALLAS
C1   CHICAGO
D1   BOSTON

1. 함수
   -함수의 종류는 단일행함수,그룹함수가 있다.
   -단일행함수를 정의하면 테이블의 모든 행에 각각 함수가 적용된다.
   -그룹함수는 그룹으로 묶인 데이터에 적용되므로
    where절에 그룹함수를 사용할 수 없다.
   1)단일행 함수
     -select, where, order by절에 모두 사용할 수 있다.
     ① 문자함수
         - lower(문자열 or 컬럼명) : 값을 소문자로 변환
         - upper(문자열 or 컬럼명) : 값을 대문자로 변환
         - initcap(문자열 or 컬럼명) : 전달된 값의 첫 글자만 대문자로 변환
         - substr(문자열 or 컬럼명, 시작위치, 문자열의 갯수)
         - length(문자열 or 컬럼명) : 문자열의 길이를 반환
         - instr(문자열 or 컬럼명, 찾을 문자, 찾을 위치, n번째 문자)
           :특정 컬럼이나 문자열에서 문자의 위치를 찾을 때 사용한 함수
            찾을 위치나 n번째 문자에 대한 매개변수는 생략이 가능
            찾을 위치를 -1로 정의하면 문자열의 오른쪽 끝에서 문자를 찾는다.
            select instr('oracle oracle oracle' , 'a' , 5,2) from dual;
            => 해당 문자열의 5번위치 부터 a를 찾아 위치를 반환
                단, 2번째 a 위치를 반환
         - concat(문자열 or 컬럼명, 문자열 or 컬럼명) : ||연산자와 동일
                                                                   문자열연결
         - lpad(문자열 or 컬럼명, 출력할 문자열의 길이, 채움문자)
           전체 출력한 문자열의 길이에 문자열을 출력한 후 남는 공간에
           정의한 문자를 채워 출력해주는 함수(왼쪽)
         - rpad(문자열 or 컬럼명, 출력할 문자열의 길이, 채움문자)
           전체 출력한 문자열의 길이에 문자열을 출력한 후 남는 공간에
           정의한 문자를 채워 출력해주는 함수(오른쪽)
         - ltrim(문자열 or 컬럼명, 제거할 문자)
            컬럼에서 문자를 매개변수로 정의한 문자를 왼쪽에서 찾아 모두 제거
            연속된 문자만 제거
         - rtrim(문자열 or 컬럼명, 제거할 문자)
            컬럼에서 문자를 매개변수로 정의한 문자를 오른쪽에서 찾아 모두 제거
     ②숫자함수
        - round(숫자, 반올림할 위치) : 반올림





     ③ 변환함수
     ④ 날짜함수
     ⑤ null처리 함수
   2)그룹함수
     -group by를 적용한 후에 사용할 함수
     -sum,avg,max,min,count 등


[실습]
부서별 직군의 인원수, 최대급여

[실습2]
직업별 평균 급여 출력하기
단, 평균급여가 2000이 넘는 데이터만 출력
ename의 마지막 문자가 H인 레코드는 제외하고 작업하기

------------------------------------------------------------------2번째-------------------------------------------------------------------------


SQL*Plus: Release 11.2.0.2.0 Production on 목 12월 19 09:27:22 2019

Copyright (c) 1982, 2014, Oracle.  All rights reserved.

SQL> conn scott/tiger
Connected.
SQL> set linsize 300
SP2-0158: unknown SET option "linsize"
SQL> set linesize 300
SQL> select * from tab;

TNAME                                                        TABTYPE         CLUSTERID
------------------------------------------------------------ -------------- ----------
CUSTOMER                                                     TABLE
DEPT                                                         TABLE
EMP                                                          TABLE
FACTORY                                                      TABLE
LOCATIONS                                                    TABLE
PRODUCT                                                      TABLE
SALGRADE                                                     TABLE
STORE                                                        TABLE
TEST                                                         TABLE

9 rows selected.

SQL> desc dept
 Name                                                                                                                                                                          Null?    Type
 ----------------------------------------------------------------------------------------------------------------------------------------------------------------------------- -------- --------------------------------------------------------------------------------------------------------------------
 DEPTNO                                                                                                                                                                                 NUMBER(7,2)
 DNAME                                                                                                                                                                                  VARCHAR2(14)
 LOC_CODE                                                                                                                                                                               CHAR(2)

SQL> select ename || ';' || job
  2  from emp
  3  where hiredate>='1981/1/1' and hiredate<='81/12/31'
  4        and job='MANAGER';

ENAME||';'||JOB
----------------------------------------
JONES;MANAGER
BLAKE;MANAGER
CLARK;MANAGER

SQL> select ename,job,hiredate
  2  from emp
  3  where deptno in (10,20);

ENAME                JOB                HIREDATE
-------------------- ------------------ --------
SMITH                CLERK              80/12/17
JONES                MANAGER            81/04/02
CLARK                MANAGER            81/06/09
SCOTT                ANALYST            82/12/09
KING                 PRESIDENT          81/11/17
ADAMS                CLERK              83/01/12
FORD                 ANALYST            81/12/03
MILLER               CLERK              82/01/23

8 rows selected.

SQL> desc emp
 Name                                                                                                                                                                          Null?    Type
 ----------------------------------------------------------------------------------------------------------------------------------------------------------------------------- -------- --------------------------------------------------------------------------------------------------------------------
 EMPNO                                                                                                                                                                         NOT NULL NUMBER(4)
 ENAME                                                                                                                                                                                  VARCHAR2(10)
 JOB                                                                                                                                                                                    VARCHAR2(9)
 MGR                                                                                                                                                                                    NUMBER(4)
 HIREDATE                                                                                                                                                                               DATE
 SAL                                                                                                                                                                                    NUMBER(7,2)
 COMM                                                                                                                                                                                   NUMBER(7,2)
 DEPTNO                                                                                                                                                                                 NUMBER(2)

SQL> select ename,job,hiredate
  2  from emp
  3  where deptno in (10,20)
  4  order by job desc;

ENAME                JOB                HIREDATE
-------------------- ------------------ --------
KING                 PRESIDENT          81/11/17
JONES                MANAGER            81/04/02
CLARK                MANAGER            81/06/09
SMITH                CLERK              80/12/17
MILLER               CLERK              82/01/23
ADAMS                CLERK              83/01/12
FORD                 ANALYST            81/12/03
SCOTT                ANALYST            82/12/09

8 rows selected.

SQL> select ename,job,hiredate
  2  from emp
  3  where deptno in (10,20,30)
  4  order by job desc;

ENAME                JOB                HIREDATE
-------------------- ------------------ --------
ALLEN                SALESMAN           81/02/20
WARD                 SALESMAN           81/02/22
TURNER               SALESMAN           81/09/08
MARTIN               SALESMAN           81/09/28
KING                 PRESIDENT          81/11/17
BLAKE                MANAGER            81/05/01
JONES                MANAGER            81/04/02
CLARK                MANAGER            81/06/09
MILLER               CLERK              82/01/23
SMITH                CLERK              80/12/17
ADAMS                CLERK              83/01/12

ENAME                JOB                HIREDATE
-------------------- ------------------ --------
JAMES                CLERK              81/12/03
FORD                 ANALYST            81/12/03
SCOTT                ANALYST            82/12/09

14 rows selected.

SQL> select ename,job,hiredate
  2  from emp
  3  where deptno in (10,20,30)
  4  order by job desc,hiredate desc;

ENAME                JOB                HIREDATE
-------------------- ------------------ --------
MARTIN               SALESMAN           81/09/28
TURNER               SALESMAN           81/09/08
WARD                 SALESMAN           81/02/22
ALLEN                SALESMAN           81/02/20
KING                 PRESIDENT          81/11/17
CLARK                MANAGER            81/06/09
BLAKE                MANAGER            81/05/01
JONES                MANAGER            81/04/02
ADAMS                CLERK              83/01/12
MILLER               CLERK              82/01/23
JAMES                CLERK              81/12/03

ENAME                JOB                HIREDATE
-------------------- ------------------ --------
SMITH                CLERK              80/12/17
SCOTT                ANALYST            82/12/09
FORD                 ANALYST            81/12/03

14 rows selected.

SQL> select ename,job,hiredate
  2  from emp
  3  where deptno in (10,20,30)
  4  order by job desc,ename asc;

ENAME                JOB                HIREDATE
-------------------- ------------------ --------
ALLEN                SALESMAN           81/02/20
MARTIN               SALESMAN           81/09/28
TURNER               SALESMAN           81/09/08
WARD                 SALESMAN           81/02/22
KING                 PRESIDENT          81/11/17
BLAKE                MANAGER            81/05/01
CLARK                MANAGER            81/06/09
JONES                MANAGER            81/04/02
ADAMS                CLERK              83/01/12
JAMES                CLERK              81/12/03
MILLER               CLERK              82/01/23

ENAME                JOB                HIREDATE
-------------------- ------------------ --------
SMITH                CLERK              80/12/17
FORD                 ANALYST            81/12/03
SCOTT                ANALYST            82/12/09

14 rows selected.

SQL> asc emp;
SP2-0042: unknown command "asc emp" - rest of line ignored.
SQL> asc emp
SP2-0042: unknown command "asc emp" - rest of line ignored.
SQL> desc emp
 Name                                                                                                                                                                          Null?    Type
 ----------------------------------------------------------------------------------------------------------------------------------------------------------------------------- -------- --------------------------------------------------------------------------------------------------------------------
 EMPNO                                                                                                                                                                         NOT NULL NUMBER(4)
 ENAME                                                                                                                                                                                  VARCHAR2(10)
 JOB                                                                                                                                                                                    VARCHAR2(9)
 MGR                                                                                                                                                                                    NUMBER(4)
 HIREDATE                                                                                                                                                                               DATE
 SAL                                                                                                                                                                                    NUMBER(7,2)
 COMM                                                                                                                                                                                   NUMBER(7,2)
 DEPTNO                                                                                                                                                                                 NUMBER(2)

SQL> select ename,sal,comm
  2  from emp
  3  order by comm asc;

ENAME                       SAL       COMM
-------------------- ---------- ----------
TURNER                     1500          0
ALLEN                      1600        300
WARD                       1250        500
MARTIN                     1250       1400
SCOTT                      3000
KING                       5000
ADAMS                      1100
JAMES                       950
FORD                       3000
MILLER                     1300
BLAKE                      2850

ENAME                       SAL       COMM
-------------------- ---------- ----------
JONES                      2975
SMITH                       800
CLARK                      2450

14 rows selected.

SQL> select ename,sal,comm
  2  from emp
  3  order by comm desc;

ENAME                       SAL       COMM
-------------------- ---------- ----------
SMITH                       800
CLARK                      2450
FORD                       3000
JAMES                       950
ADAMS                      1100
JONES                      2975
BLAKE                      2850
MILLER                     1300
SCOTT                      3000
KING                       5000
MARTIN                     1250       1400

ENAME                       SAL       COMM
-------------------- ---------- ----------
WARD                       1250        500
ALLEN                      1600        300
TURNER                     1500          0

14 rows selected.

SQL> select ename,sal,comm
  2  from emp
  3  where sal>avg(sal);
where sal>avg(sal)
          *
ERROR at line 3:
ORA-00934: group function is not allowed here


SQL> select sum(sal),avg(sal),max(sal),min(sal),count(sal)
  2  from emp
  3  where deptno=10;

  SUM(SAL)   AVG(SAL)   MAX(SAL)   MIN(SAL) COUNT(SAL)
---------- ---------- ---------- ---------- ----------
      8750 2916.66667       5000       1300          3

SQL> select lower('TEST'),upper('test'),initcap('test')
  2  from emp;

LOWER('T UPPER('T INITCAP(
-------- -------- --------
test     TEST     Test
test     TEST     Test
test     TEST     Test
test     TEST     Test
test     TEST     Test
test     TEST     Test
test     TEST     Test
test     TEST     Test
test     TEST     Test
test     TEST     Test
test     TEST     Test

LOWER('T UPPER('T INITCAP(
-------- -------- --------
test     TEST     Test
test     TEST     Test
test     TEST     Test

14 rows selected.

SQL> select lower('TEST'),upper('test'),initcap('test')
  2  from dual;

LOWER('T UPPER('T INITCAP(
-------- -------- --------
test     TEST     Test

SQL> select substr('oracle',2)
  2  from dual;

SUBSTR('OR
----------
racle

SQL> select substr('oracle',2,2) from dual;

SUBS
----
ra

SQL> select length('oracle') from dual;

LENGTH('ORACLE')
----------------
               6

SQL> select length('올라클') from dual;

LENGTH('올라클')
----------------
               3

SQL> select instr('oracle oracle oracle' , 'a') from dual;

INSTR('ORACLEORACLEORACLE','A')
-------------------------------
                              3

SQL> select instr('oracle oracle oracle' , 'A',5) from dual;

INSTR('ORACLEORACLEORACLE','A',5)
---------------------------------
                                0

SQL> select instr('oracle oracle oracle' , 'a',5) from dual;

INSTR('ORACLEORACLEORACLE','A',5)
---------------------------------
                               10

SQL> select instr('oracle oracle oracle' , 'a' , 5,2) from dual;

INSTR('ORACLEORACLEORACLE','A',5,2)
-----------------------------------
                                 17

SQL> select instr('oracle oracle oracle' , 'a' , -1,1) from dual;

INSTR('ORACLEORACLEORACLE','A',-1,1)
------------------------------------
                                  17

SQL>
SQL> select instr('oracle oracle oracle' , 'a' , -1,2) from dual;

INSTR('ORACLEORACLEORACLE','A',-1,2)
------------------------------------
                                  10

SQL> select lpad('oracle' , 10, '*') from dual;

LPAD('ORACLE',10,'*'
--------------------
****oracle

SQL> select rpad('oracle' , 10, '*') from dual;

RPAD('ORACLE',10,'*'
--------------------
oracle****

SQL> select ltrim('aaaaaaaaaaaaaaaaaoracle' , 'a') from dual;

LTRIM('AAAAA
------------
oracle

SQL> select rtrim('oracleaaaaaaaaaaaaaaaaa' , 'a') from dual;

RTRIM('ORACL
------------
oracle

SQL> select ('                    oracle') from dual;

('ORACLE')
----------------------------------------------------
                    oracle

SQL> select 'oracle' from dual;

'ORACLE'
------------
oracle

SQL> select ltrim('                oracle', ' ') from dual;

LTRIM('ORACL
------------
oracle

SQL> select concat('oracle' , 'dbms') from dual;

CONCAT('ORACLE','DBM
--------------------
oracledbms

SQL> select concat('ename', 'sal')
  2  from emp
  3  where sal<'1000';

CONCAT('ENAME','
----------------
enamesal
enamesal

SQL> select concat(ename, sal)
  2  from emp
  3  where sal<'1000';

CONCAT(ENAME,SAL)
----------------------------------------------------------------------------------------------------
SMITH800
JAMES950

SQL> select concat(ename , '의 급여' , sal , '만원')
  2  from emp
  3  where sal<'1000';
select concat(ename , '의 급여' , sal , '만원')
       *
ERROR at line 1:
ORA-00909: invalid number of arguments


SQL> select concat(ename , "의 급여" , sal , "만원")
  2  from emp
  3  where sal<'1000';
select concat(ename , "의 급여" , sal , "만원")
       *
ERROR at line 1:
ORA-00909: invalid number of arguments


SQL> select concat(contcat(ename,"의 급여"),concat(sal,"만원")
  2  from emp
  3  where sal<'1000';
from emp
     *
ERROR at line 2:
ORA-00907: missing right parenthesis


SQL> select concat(contcat(ename,"의 급여"),concat(sal,"만원"))
  2  from emp
  3  where sal<'1000';
select concat(contcat(ename,"의 급여"),concat(sal,"만원"))
                                                     *
ERROR at line 1:
ORA-00904: "만원": invalid identifier


SQL> select concat(contcat(ename,'a'),concat(sal,'a'))
  2  from emp
  3  where sal<'1000';
select concat(contcat(ename,'a'),concat(sal,'a'))
              *
ERROR at line 1:
ORA-00904: "CONTCAT": invalid identifier


SQL> select concat(ename || "의 급여" , sal || "만원")
  2   from emp
  3   where sal<'1000';
select concat(ename || "의 급여" , sal || "만원")
                                             *
ERROR at line 1:
ORA-00904: "만원": invalid identifier


SQL>  from emp
SP2-0042: unknown command "from emp" - rest of line ignored.
SQL>  where sal<'1000';
SP2-0734: unknown command beginning "where sal<..." - rest of line ignored.
SQL> select concat(ename || '의 급여' , sal || '만원')
  2  from emp
  3  where sal<'1000';

CONCAT(ENAME||'의급여',SAL||'만원')
------------------------------------------------------------------------------------------------------------------------------------
SMITH의 급여800만원
JAMES의 급여950만원

SQL> select concat(ename || '의 급여 ' , sal || '만원')
  2  from emp
  3  where sal<'1000';

CONCAT(ENAME||'의급여',SAL||'만원')
--------------------------------------------------------------------------------------------------------------------------------------
SMITH의 급여 800만원
JAMES의 급여 950만원

SQL> select ename, hiredate
  2  from emp
  3  where hiredate>='1981/1/1' and hiredate<='1981/12/31';

ENAME                HIREDATE
-------------------- --------
ALLEN                81/02/20
WARD                 81/02/22
JONES                81/04/02
MARTIN               81/09/28
BLAKE                81/05/01
CLARK                81/06/09
KING                 81/11/17
TURNER               81/09/08
JAMES                81/12/03
FORD                 81/12/03

10 rows selected.

SQL> select ename, substr(hiredate,4)
  2  from emp
  3  where hiredate>='1981/1/1' and hiredate<='1981/12/31';

ENAME                SUBSTR(HIREDATE,4)
-------------------- ----------------------------------------
ALLEN                02/20
WARD                 02/22
JONES                04/02
MARTIN               09/28
BLAKE                05/01
CLARK                06/09
KING                 11/17
TURNER               09/08
JAMES                12/03
FORD                 12/03

10 rows selected.

SQL> select ename,job,rpad(sal,5,'*')
  2  from emp
  3  where sal<='2000';

ENAME                JOB                RPAD(SAL,5,'*')
-------------------- ------------------ ----------------------------------------
SMITH                CLERK              800**
ALLEN                SALESMAN           1600*
WARD                 SALESMAN           1250*
MARTIN               SALESMAN           1250*
TURNER               SALESMAN           1500*
ADAMS                CLERK              1100*
JAMES                CLERK              950**
MILLER               CLERK              1300*

8 rows selected.

SQL> select ename,job,rtrim(rpad(sal,5,'*'),'*')
  2  from emp
  3  where sal<='2000';

ENAME                JOB                RTRIM(RPAD(SAL,5,'*'),'*')
-------------------- ------------------ ----------------------------------------
SMITH                CLERK              800
ALLEN                SALESMAN           1600
WARD                 SALESMAN           1250
MARTIN               SALESMAN           1250
TURNER               SALESMAN           1500
ADAMS                CLERK              1100
JAMES                CLERK              950
MILLER               CLERK              1300

8 rows selected.

SQL> select concat(concat(ename,'의 급여 ',concat(sal,'만원')
  2  from emp
  3  where sal<'1000';
select concat(concat(ename,'의 급여 ',concat(sal,'만원')
              *
ERROR at line 1:
ORA-00909: invalid number of arguments


SQL> select concat(concat(ename,'의 급여 '),concat(sal,'만원'))
  2  from emp
  3  where sal<'1000';

CONCAT(CONCAT(ENAME,'의급여'),CONCAT(SAL,'만원'))
--------------------------------------------------------------------------------------------------------------------------------------
SMITH의 급여 800만원
JAMES의 급여 950만원

SQL> select concat(concat(ename,'의 급여 '),concat(sal,'만원')) info
  2  from emp
  3  where sal<'1000';

INFO
--------------------------------------------------------------------------------------------------------------------------------------
SMITH의 급여 800만원
JAMES의 급여 950만원

SQL> select ename,hiredate
  2
SQL> from emp
SP2-0042: unknown command "from emp" - rest of line ignored.
SQL>
SQL> where substr(hiredate,1,2)=81;
SP2-0734: unknown command beginning "where subs..." - rest of line ignored.
SQL> [출처
SP2-0042: unknown command "[출처" - rest of line ignored.
SQL>
SQL>
SQL> select ename,hiredate
  2  from emp
  3  where substr(hiredate,1,2)=81;

ENAME                HIREDATE
-------------------- --------
ALLEN                81/02/20
WARD                 81/02/22
JONES                81/04/02
MARTIN               81/09/28
BLAKE                81/05/01
CLARK                81/06/09
KING                 81/11/17
TURNER               81/09/08
JAMES                81/12/03
FORD                 81/12/03

10 rows selected.

SQL> select ename, hiredate
  2  from emp
  3  where hiredate>='1981/1/1' and hiredate<='1981/12/31';

ENAME                HIREDATE
-------------------- --------
ALLEN                81/02/20
WARD                 81/02/22
JONES                81/04/02
MARTIN               81/09/28
BLAKE                81/05/01
CLARK                81/06/09
KING                 81/11/17
TURNER               81/09/08
JAMES                81/12/03
FORD                 81/12/03

10 rows selected.

SQL> select round(125.8888, 0 ) from dual;

ROUND(125.8888,0)
-----------------
              126

SQL> select round(125.8888, 1) from dual;

ROUND(125.8888,1)
-----------------
            125.9

SQL> select round(125.8888, -1) from dual;

ROUND(125.8888,-1)
------------------
               130

SQL> desc emp;
 Name                                                                                                                                                                          Null?    Type
 ----------------------------------------------------------------------------------------------------------------------------------------------------------------------------- -------- --------------------------------------------------------------------------------------------------------------------
 EMPNO                                                                                                                                                                         NOT NULL NUMBER(4)
 ENAME                                                                                                                                                                                  VARCHAR2(10)
 JOB                                                                                                                                                                                    VARCHAR2(9)
 MGR                                                                                                                                                                                    NUMBER(4)
 HIREDATE                                                                                                                                                                               DATE
 SAL                                                                                                                                                                                    NUMBER(7,2)
 COMM                                                                                                                                                                                   NUMBER(7,2)
 DEPTNO                                                                                                                                                                                 NUMBER(2)

SQL> select cast('2019/11/11' as date) from dual;

CAST('20
--------
19/11/11

SQL> select cast('0001' as integer) from dual;

CAST('0001'ASINTEGER)
---------------------
                    1

SQL> select cast('2019년 11월 11일' as date) from dual;
select cast('2019년 11월 11일' as date) from dual
            *
ERROR at line 1:
ORA-01861: literal does not match format string


SQL> select ename, sal, to_char9sal, '9,999')
  2  from emp;
select ename, sal, to_char9sal, '9,999')
                                       *
ERROR at line 1:
ORA-00923: FROM keyword not found where expected


SQL> select ename, sal, to_char9sal, '9,999'
  2  from emp;
select ename, sal, to_char9sal, '9,999'
                   *
ERROR at line 1:
ORA-00904: "TO_CHAR9SAL": invalid identifier


SQL> select ename, sal, to_char(sal, '9,999')
  2  from emp;

ENAME                       SAL TO_CHAR(SAL,
-------------------- ---------- ------------
SMITH                       800    800
ALLEN                      1600  1,600
WARD                       1250  1,250
JONES                      2975  2,975
MARTIN                     1250  1,250
BLAKE                      2850  2,850
CLARK                      2450  2,450
SCOTT                      3000  3,000
KING                       5000  5,000
TURNER                     1500  1,500
ADAMS                      1100  1,100

ENAME                       SAL TO_CHAR(SAL,
-------------------- ---------- ------------
JAMES                       950    950
FORD                       3000  3,000
MILLER                     1300  1,300

14 rows selected.

SQL> select ename, sal, to_char(sal, 'L9,999')
  2  from emp;

ENAME                       SAL TO_CHAR(SAL,'L9,999')
-------------------- ---------- --------------------------------
SMITH                       800           ￦800
ALLEN                      1600         ￦1,600
WARD                       1250         ￦1,250
JONES                      2975         ￦2,975
MARTIN                     1250         ￦1,250
BLAKE                      2850         ￦2,850
CLARK                      2450         ￦2,450
SCOTT                      3000         ￦3,000
KING                       5000         ￦5,000
TURNER                     1500         ￦1,500
ADAMS                      1100         ￦1,100

ENAME                       SAL TO_CHAR(SAL,'L9,999')
-------------------- ---------- --------------------------------
JAMES                       950           ￦950
FORD                       3000         ￦3,000
MILLER                     1300         ￦1,300

14 rows selected.

SQL> select ename, hiredate, to_char(hiredate, 'YYYY')
  2  from emp;

ENAME                HIREDATE TO_CHAR(
-------------------- -------- --------
SMITH                80/12/17 1980
ALLEN                81/02/20 1981
WARD                 81/02/22 1981
JONES                81/04/02 1981
MARTIN               81/09/28 1981
BLAKE                81/05/01 1981
CLARK                81/06/09 1981
SCOTT                82/12/09 1982
KING                 81/11/17 1981
TURNER               81/09/08 1981
ADAMS                83/01/12 1983

ENAME                HIREDATE TO_CHAR(
-------------------- -------- --------
JAMES                81/12/03 1981
FORD                 81/12/03 1981
MILLER               82/01/23 1982

14 rows selected.

SQL> select ename, hiredate, to_char(hiredate, 'MM')
  2  from emp;

ENAME                HIREDATE TO_C
-------------------- -------- ----
SMITH                80/12/17 12
ALLEN                81/02/20 02
WARD                 81/02/22 02
JONES                81/04/02 04
MARTIN               81/09/28 09
BLAKE                81/05/01 05
CLARK                81/06/09 06
SCOTT                82/12/09 12
KING                 81/11/17 11
TURNER               81/09/08 09
ADAMS                83/01/12 01

ENAME                HIREDATE TO_C
-------------------- -------- ----
JAMES                81/12/03 12
FORD                 81/12/03 12
MILLER               82/01/23 01

14 rows selected.

SQL> select ename, to_char(hiredate, 'mon') 월 ,to_char(hiredate, 'month') 월
  2  from emp;

ENAME                월               월
-------------------- ---------------- ----------------
SMITH                12월             12월
ALLEN                2월              2월
WARD                 2월              2월
JONES                4월              4월
MARTIN               9월              9월
BLAKE                5월              5월
CLARK                6월              6월
SCOTT                12월             12월
KING                 11월             11월
TURNER               9월              9월
ADAMS                1월              1월

ENAME                월               월
-------------------- ---------------- ----------------
JAMES                12월             12월
FORD                 12월             12월
MILLER               1월              1월

14 rows selected.

SQL> select sysdate-5,sysdate,sysdate+5 from dual;

SYSDATE- SYSDATE  SYSDATE+
-------- -------- --------
19/12/14 19/12/19 19/12/24

SQL> select ename, sal, comm
  2  from emp;

ENAME                       SAL       COMM
-------------------- ---------- ----------
SMITH                       800
ALLEN                      1600        300
WARD                       1250        500
JONES                      2975
MARTIN                     1250       1400
BLAKE                      2850
CLARK                      2450
SCOTT                      3000
KING                       5000
TURNER                     1500          0
ADAMS                      1100

ENAME                       SAL       COMM
-------------------- ---------- ----------
JAMES                       950
FORD                       3000
MILLER                     1300

14 rows selected.

SQL> select ename, sal, comm, nvl(comm,0)
  2  from emp;

ENAME                       SAL       COMM NVL(COMM,0)
-------------------- ---------- ---------- -----------
SMITH                       800                      0
ALLEN                      1600        300         300
WARD                       1250        500         500
JONES                      2975                      0
MARTIN                     1250       1400        1400
BLAKE                      2850                      0
CLARK                      2450                      0
SCOTT                      3000                      0
KING                       5000                      0
TURNER                     1500          0           0
ADAMS                      1100                      0

ENAME                       SAL       COMM NVL(COMM,0)
-------------------- ---------- ---------- -----------
JAMES                       950                      0
FORD                       3000                      0
MILLER                     1300                      0

14 rows selected.

SQL> select ename, sal, comm, nvl(comm,'신입사원')
  2  from emp;
select ename, sal, comm, nvl(comm,'신입사원')
                                  *
ERROR at line 1:
ORA-01722: invalid number


SQL> select ename, sal, comm, nvl(to_char(comm),'신입사원')
  2  from emp;

ENAME                       SAL       COMM NVL(TO_CHAR(COMM),'신입사원')
-------------------- ---------- ---------- --------------------------------------------------------------------------------
SMITH                       800            신입사원
ALLEN                      1600        300 300
WARD                       1250        500 500
JONES                      2975            신입사원
MARTIN                     1250       1400 1400
BLAKE                      2850            신입사원
CLARK                      2450            신입사원
SCOTT                      3000            신입사원
KING                       5000            신입사원
TURNER                     1500          0 0
ADAMS                      1100            신입사원

ENAME                       SAL       COMM NVL(TO_CHAR(COMM),'신입사원')
-------------------- ---------- ---------- --------------------------------------------------------------------------------
JAMES                       950            신입사원
FORD                       3000            신입사원
MILLER                     1300            신입사원

14 rows selected.

SQL> select ename, sal, comm, nvl2(to_char(comm), '영업부', '타부서')
  2  from emp;

ENAME                       SAL       COMM NVL2(TO_CHAR(COMM)
-------------------- ---------- ---------- ------------------
SMITH                       800            타부서
ALLEN                      1600        300 영업부
WARD                       1250        500 영업부
JONES                      2975            타부서
MARTIN                     1250       1400 영업부
BLAKE                      2850            타부서
CLARK                      2450            타부서
SCOTT                      3000            타부서
KING                       5000            타부서
TURNER                     1500          0 영업부
ADAMS                      1100            타부서

ENAME                       SAL       COMM NVL2(TO_CHAR(COMM)
-------------------- ---------- ---------- ------------------
JAMES                       950            타부서
FORD                       3000            타부서
MILLER                     1300            타부서

14 rows selected.

SQL> alter session set nls_languae='americn';
alter session set nls_languae='americn'
*
ERROR at line 1:
ORA-00922: missing or invalid option


SQL> alter session set nls_language='americn';
ERROR:
ORA-12705: Cannot access NLS data files or invalid environment specified


SQL> alter session set nls_language='american';

Session altered.

SQL> select ename, to_char(hiredate, 'mon') 월 from emp;

ENAME                월
-------------------- ------------------------
SMITH                dec
ALLEN                feb
WARD                 feb
JONES                apr
MARTIN               sep
BLAKE                may
CLARK                jun
SCOTT                dec
KING                 nov
TURNER               sep
ADAMS                jan

ENAME                월
-------------------- ------------------------
JAMES                dec
FORD                 dec
MILLER               jan

14 rows selected.

SQL> select ename, to_char(hiredate, 'month') 월 from emp;

ENAME                월
-------------------- ------------------------------------------------------------------------
SMITH                december
ALLEN                february
WARD                 february
JONES                april
MARTIN               september
BLAKE                may
CLARK                june
SCOTT                december
KING                 november
TURNER               september
ADAMS                january

ENAME                월
-------------------- ------------------------------------------------------------------------
JAMES                december
FORD                 december
MILLER               january

14 rows selected.

SQL> alter session set nls_language='korean';

Session altered.

SQL> select * from emp;

     EMPNO ENAME                JOB                       MGR HIREDATE        SAL       COMM     DEPTNO
---------- -------------------- ------------------ ---------- -------- ---------- ---------- ----------
      7369 SMITH                CLERK                    7902 80/12/17        800                    20
      7499 ALLEN                SALESMAN                 7698 81/02/20       1600        300         30
      7521 WARD                 SALESMAN                 7698 81/02/22       1250        500         30
      7566 JONES                MANAGER                  7839 81/04/02       2975                    20
      7654 MARTIN               SALESMAN                 7698 81/09/28       1250       1400         30
      7698 BLAKE                MANAGER                  7839 81/05/01       2850                    30
      7782 CLARK                MANAGER                  7839 81/06/09       2450                    10
      7788 SCOTT                ANALYST                  7566 82/12/09       3000                    20
      7839 KING                 PRESIDENT                     81/11/17       5000                    10
      7844 TURNER               SALESMAN                 7698 81/09/08       1500          0         30
      7876 ADAMS                CLERK                    7788 83/01/12       1100                    20

     EMPNO ENAME                JOB                       MGR HIREDATE        SAL       COMM     DEPTNO
---------- -------------------- ------------------ ---------- -------- ---------- ---------- ----------
      7900 JAMES                CLERK                    7698 81/12/03        950                    30
      7902 FORD                 ANALYST                  7566 81/12/03       3000                    20
      7934 MILLER               CLERK                    7782 82/01/23       1300                    10

14 rows selected.

SQL> select count(empno)
  2  from emp
  3  group by deptno;

COUNT(EMPNO)
------------
           6
           5
           3

SQL> select deptno,count(empno)
  2  from emp
  3  group by deptno;

    DEPTNO COUNT(EMPNO)
---------- ------------
        30            6
        20            5
        10            3

SQL> select deptno, job, count(empno)
  2  from emp
  3  group by deptno;
select deptno, job, count(empno)
               *
ERROR at line 1:
ORA-00979: not a GROUP BY expression


SQL> select job, avg(sal)
  2  from emp
  3  group by job;

JOB                  AVG(SAL)
------------------ ----------
CLERK                  1037.5
SALESMAN                 1400
PRESIDENT                5000
MANAGER            2758.33333
ANALYST                  3000

SQL> select job, avg(sal)
  2  from emp;
select job, avg(sal)
       *
ERROR at line 1:
ORA-00937: not a single-group group function


SQL> select deptno, job, count(empno)
  2  from emp
  3  group by deptno, job;

    DEPTNO JOB                COUNT(EMPNO)
---------- ------------------ ------------
        20 CLERK                         2
        30 SALESMAN                      4
        20 MANAGER                       1
        30 CLERK                         1
        10 PRESIDENT                     1
        30 MANAGER                       1
        10 CLERK                         1
        10 MANAGER                       1
        20 ANALYST                       2

9 rows selected.

SQL> select deptno, job, count(empno)
  2  from emp
  3  group by deptno, job
  4  order by deptno;

    DEPTNO JOB                COUNT(EMPNO)
---------- ------------------ ------------
        10 CLERK                         1
        10 MANAGER                       1
        10 PRESIDENT                     1
        20 ANALYST                       2
        20 CLERK                         2
        20 MANAGER                       1
        30 CLERK                         1
        30 MANAGER                       1
        30 SALESMAN                      4

9 rows selected.

SQL> select job, deptno,count(empno), max(sal)
  2  from emp
  3  group by job, deptno
  4  order by job;

JOB                    DEPTNO COUNT(EMPNO)   MAX(SAL)
------------------ ---------- ------------ ----------
ANALYST                    20            2       3000
CLERK                      10            1       1300
CLERK                      20            2       1100
CLERK                      30            1        950
MANAGER                    10            1       2450
MANAGER                    20            1       2975
MANAGER                    30            1       2850
PRESIDENT                  10            1       5000
SALESMAN                   30            4       1600

9 rows selected.

SQL> select job, avg(sal)
  2  from emp
  3  group by job;

JOB                  AVG(SAL)
------------------ ----------
CLERK                  1037.5
SALESMAN                 1400
PRESIDENT                5000
MANAGER            2758.33333
ANALYST                  3000

SQL> select job, avg(sal)
  2  from emp;
select job, avg(sal)
       *
ERROR at line 1:
ORA-00937: not a single-group group function


SQL> select *
  2  from emp
  3  where substr(ename,-1,1)='H';

     EMPNO ENAME                JOB                       MGR HIREDATE        SAL       COMM     DEPTNO
---------- -------------------- ------------------ ---------- -------- ---------- ---------- ----------
      7369 SMITH                CLERK                    7902 80/12/17        800                    20

SQL> select *
  2  from emp
  3  where substr(ename,length(ename),1)='H';

     EMPNO ENAME                JOB                       MGR HIREDATE        SAL       COMM     DEPTNO
---------- -------------------- ------------------ ---------- -------- ---------- ---------- ----------
      7369 SMITH                CLERK                    7902 80/12/17        800                    20

SQL> select *
  2  from emp
  3  where ename like '%H';

     EMPNO ENAME                JOB                       MGR HIREDATE        SAL       COMM     DEPTNO
---------- -------------------- ------------------ ---------- -------- ---------- ---------- ----------
      7369 SMITH                CLERK                    7902 80/12/17        800                    20

SQL> select *
  2  from emp
  3  where ename not like '%H';

     EMPNO ENAME                JOB                       MGR HIREDATE        SAL       COMM     DEPTNO
---------- -------------------- ------------------ ---------- -------- ---------- ---------- ----------
      7499 ALLEN                SALESMAN                 7698 81/02/20       1600        300         30
      7521 WARD                 SALESMAN                 7698 81/02/22       1250        500         30
      7566 JONES                MANAGER                  7839 81/04/02       2975                    20
      7654 MARTIN               SALESMAN                 7698 81/09/28       1250       1400         30
      7698 BLAKE                MANAGER                  7839 81/05/01       2850                    30
      7782 CLARK                MANAGER                  7839 81/06/09       2450                    10
      7788 SCOTT                ANALYST                  7566 82/12/09       3000                    20
      7839 KING                 PRESIDENT                     81/11/17       5000                    10
      7844 TURNER               SALESMAN                 7698 81/09/08       1500          0         30
      7876 ADAMS                CLERK                    7788 83/01/12       1100                    20
      7900 JAMES                CLERK                    7698 81/12/03        950                    30

     EMPNO ENAME                JOB                       MGR HIREDATE        SAL       COMM     DEPTNO
---------- -------------------- ------------------ ---------- -------- ---------- ---------- ----------
      7902 FORD                 ANALYST                  7566 81/12/03       3000                    20
      7934 MILLER               CLERK                    7782 82/01/23       1300                    10

13 rows selected.

SQL> select *
  2  from emp
  3  where ename not like '%H'
  4        and avg(sal>=2000;
      and avg(sal>=2000
          *
ERROR at line 4:
ORA-00934: group function is not allowed here


SQL> select job, avg(sal)
  2  from emp
  3  where ename not like '%H'
  4  group by job
  5  having avg(sal)>=2000;

JOB                  AVG(SAL)
------------------ ----------
PRESIDENT                5000
MANAGER            2758.33333
ANALYST                  3000

SQL> select * from emp;

     EMPNO ENAME                JOB                       MGR HIREDATE        SAL       COMM     DEPTNO
---------- -------------------- ------------------ ---------- -------- ---------- ---------- ----------
      7369 SMITH                CLERK                    7902 80/12/17        800                    20
      7499 ALLEN                SALESMAN                 7698 81/02/20       1600        300         30
      7521 WARD                 SALESMAN                 7698 81/02/22       1250        500         30
      7566 JONES                MANAGER                  7839 81/04/02       2975                    20
      7654 MARTIN               SALESMAN                 7698 81/09/28       1250       1400         30
      7698 BLAKE                MANAGER                  7839 81/05/01       2850                    30
      7782 CLARK                MANAGER                  7839 81/06/09       2450                    10
      7788 SCOTT                ANALYST                  7566 82/12/09       3000                    20
      7839 KING                 PRESIDENT                     81/11/17       5000                    10
      7844 TURNER               SALESMAN                 7698 81/09/08       1500          0         30
      7876 ADAMS                CLERK                    7788 83/01/12       1100                    20

     EMPNO ENAME                JOB                       MGR HIREDATE        SAL       COMM     DEPTNO
---------- -------------------- ------------------ ---------- -------- ---------- ---------- ----------
      7900 JAMES                CLERK                    7698 81/12/03        950                    30
      7902 FORD                 ANALYST                  7566 81/12/03       3000                    20
      7934 MILLER               CLERK                    7782 82/01/23       1300                    10

14 rows selected.

SQL> select job, count(depto)
  2  from emp
  3  where hiredate not like '1083%'
  4  group by job
  5  having count(deptno;
having count(deptno
                  *
ERROR at line 5:
ORA-00907: missing right parenthesis


SQL> select job, count(deptno)
  2  from emp
  3  where hiredate not like '1083%'
  4  group by job
  5  having count(deptno;
having count(deptno
                  *
ERROR at line 5:
ORA-00907: missing right parenthesis


SQL> select job, count(deptno)
  2  from emp
  3  where hiredate not like '1083%'
  4  group by job
  5  having count(deptno)>=3;

JOB                COUNT(DEPTNO)
------------------ -------------
CLERK                          4
SALESMAN                       4
MANAGER                        3

SQL> select job, count(deptno)
  2  from emp
  3  where hiredate not like '83%'
  4  group by job
  5  having count(deptno)>=3;

JOB                COUNT(DEPTNO)
------------------ -------------
CLERK                          3
SALESMAN                       4
MANAGER                        3

SQL> select job, count(empno) num
  2  from emp
  3  where hiredate not like '83%'
  4  group by job
  5  having num>=3;
having num>=3
       *
ERROR at line 5:
ORA-00904: "NUM": invalid identifier


SQL> select job, count(empno) num
  2  from emp
  3  where hiredate not like '83%'
  4  group by job
  5  having num>=3
  6  order by num desc;
having num>=3
       *
ERROR at line 5:
ORA-00904: "NUM": invalid identifier


SQL> select job, count(empno) num
  2  from emp
  3  where hiredate not like '83%'
  4  group by job
  5  having count(deptno)>=3
  6  order by num desc;

JOB                       NUM
------------------ ----------
SALESMAN                    4
MANAGER                     3
CLERK                       3

SQL> conn system/manager
Connected.
SQL> alter user hr account unlock;

User altered.

SQL> conn hr/hr
ERROR:
ORA-01017: invalid username/password; logon denied


Warning: You are no longer connected to ORACLE.
SQL> conn system/manager
Connected.
SQL> alter user hr identified by;
alter user hr identified by
                          *
ERROR at line 1:
ORA-00988: missing or invalid password(s)


SQL> alter user hr identified by:
  2  ;

User altered.

SQL> alter user hr identified by hr;

User altered.

SQL> select * from tab;

TNAME                                                        TABTYPE         CLUSTERID
------------------------------------------------------------ -------------- ----------
AQ$DEF$_AQCALL                                               VIEW
AQ$DEF$_AQERROR                                              VIEW
AQ$_DEF$_AQCALL_F                                            VIEW
AQ$_DEF$_AQERROR_F                                           VIEW
AQ$_INTERNET_AGENTS                                          TABLE
AQ$_INTERNET_AGENT_PRIVS                                     TABLE
AQ$_QUEUES                                                   TABLE
AQ$_QUEUE_TABLES                                             TABLE
AQ$_SCHEDULES                                                TABLE
CATALOG                                                      SYNONYM
COL                                                          SYNONYM

TNAME                                                        TABTYPE         CLUSTERID
------------------------------------------------------------ -------------- ----------
CUSTOMER                                                     TABLE
DEF$_AQCALL                                                  TABLE
DEF$_AQERROR                                                 TABLE
DEF$_CALLDEST                                                TABLE
DEF$_DEFAULTDEST                                             TABLE
DEF$_DESTINATION                                             TABLE
DEF$_ERROR                                                   TABLE
DEF$_LOB                                                     TABLE
DEF$_ORIGIN                                                  TABLE
DEF$_PROPAGATOR                                              TABLE
DEF$_PUSHED_TRANSACTIONS                                     TABLE

TNAME                                                        TABTYPE         CLUSTERID
------------------------------------------------------------ -------------- ----------
HELP                                                         TABLE
LOGMNRC_DBNAME_UID_MAP                                       TABLE
LOGMNRC_GSBA                                                 TABLE
LOGMNRC_GSII                                                 TABLE
LOGMNRC_GTCS                                                 TABLE
LOGMNRC_GTLO                                                 TABLE
LOGMNRP_CTAS_PART_MAP                                        TABLE
LOGMNRT_MDDL$                                                TABLE
LOGMNR_AGE_SPILL$                                            TABLE
LOGMNR_ATTRCOL$                                              TABLE
LOGMNR_ATTRIBUTE$                                            TABLE

TNAME                                                        TABTYPE         CLUSTERID
------------------------------------------------------------ -------------- ----------
LOGMNR_CCOL$                                                 TABLE
LOGMNR_CDEF$                                                 TABLE
LOGMNR_COL$                                                  TABLE
LOGMNR_COLTYPE$                                              TABLE
LOGMNR_DICTIONARY$                                           TABLE
LOGMNR_DICTSTATE$                                            TABLE
LOGMNR_ENC$                                                  TABLE
LOGMNR_ERROR$                                                TABLE
LOGMNR_FILTER$                                               TABLE
LOGMNR_GLOBAL$                                               TABLE
LOGMNR_GT_TAB_INCLUDE$                                       TABLE

TNAME                                                        TABTYPE         CLUSTERID
------------------------------------------------------------ -------------- ----------
LOGMNR_GT_USER_INCLUDE$                                      TABLE
LOGMNR_GT_XID_INCLUDE$                                       TABLE
LOGMNR_ICOL$                                                 TABLE
LOGMNR_IND$                                                  TABLE
LOGMNR_INDCOMPART$                                           TABLE
LOGMNR_INDPART$                                              TABLE
LOGMNR_INDSUBPART$                                           TABLE
LOGMNR_INTEGRATED_SPILL$                                     TABLE
LOGMNR_KOPM$                                                 TABLE
LOGMNR_LOB$                                                  TABLE
LOGMNR_LOBFRAG$                                              TABLE

TNAME                                                        TABTYPE         CLUSTERID
------------------------------------------------------------ -------------- ----------
LOGMNR_LOG$                                                  TABLE
LOGMNR_LOGMNR_BUILDLOG                                       TABLE
LOGMNR_NTAB$                                                 TABLE
LOGMNR_OBJ$                                                  TABLE
LOGMNR_OPQTYPE$                                              TABLE
LOGMNR_PARAMETER$                                            TABLE
LOGMNR_PARTOBJ$                                              TABLE
LOGMNR_PROCESSED_LOG$                                        TABLE
LOGMNR_PROPS$                                                TABLE
LOGMNR_REFCON$                                               TABLE
LOGMNR_RESTART_CKPT$                                         TABLE

TNAME                                                        TABTYPE         CLUSTERID
------------------------------------------------------------ -------------- ----------
LOGMNR_RESTART_CKPT_TXINFO$                                  TABLE
LOGMNR_SEED$                                                 TABLE
LOGMNR_SESSION$                                              TABLE
LOGMNR_SESSION_ACTIONS$                                      TABLE
LOGMNR_SESSION_EVOLVE$                                       TABLE
LOGMNR_SPILL$                                                TABLE
LOGMNR_SUBCOLTYPE$                                           TABLE
LOGMNR_TAB$                                                  TABLE
LOGMNR_TABCOMPART$                                           TABLE
LOGMNR_TABPART$                                              TABLE
LOGMNR_TABSUBPART$                                           TABLE

TNAME                                                        TABTYPE         CLUSTERID
------------------------------------------------------------ -------------- ----------
LOGMNR_TS$                                                   TABLE
LOGMNR_TYPE$                                                 TABLE
LOGMNR_UID$                                                  TABLE
LOGMNR_USER$                                                 TABLE
LOGSTDBY$APPLY_MILESTONE                                     TABLE
LOGSTDBY$APPLY_PROGRESS                                      TABLE
LOGSTDBY$EDS_TABLES                                          TABLE
LOGSTDBY$EVENTS                                              TABLE
LOGSTDBY$FLASHBACK_SCN                                       TABLE
LOGSTDBY$HISTORY                                             TABLE
LOGSTDBY$PARAMETERS                                          TABLE

TNAME                                                        TABTYPE         CLUSTERID
------------------------------------------------------------ -------------- ----------
LOGSTDBY$PLSQL                                               TABLE
LOGSTDBY$SCN                                                 TABLE
LOGSTDBY$SKIP                                                TABLE
LOGSTDBY$SKIP_SUPPORT                                        TABLE
LOGSTDBY$SKIP_TRANSACTION                                    TABLE
MVIEW$_ADV_AJG                                               TABLE
MVIEW$_ADV_BASETABLE                                         TABLE
MVIEW$_ADV_CLIQUE                                            TABLE
MVIEW$_ADV_ELIGIBLE                                          TABLE
MVIEW$_ADV_EXCEPTIONS                                        TABLE
MVIEW$_ADV_FILTER                                            TABLE

TNAME                                                        TABTYPE         CLUSTERID
------------------------------------------------------------ -------------- ----------
MVIEW$_ADV_FILTERINSTANCE                                    TABLE
MVIEW$_ADV_FJG                                               TABLE
MVIEW$_ADV_GC                                                TABLE
MVIEW$_ADV_INFO                                              TABLE
MVIEW$_ADV_JOURNAL                                           TABLE
MVIEW$_ADV_LEVEL                                             TABLE
MVIEW$_ADV_LOG                                               TABLE
MVIEW$_ADV_OUTPUT                                            TABLE
MVIEW$_ADV_PARAMETERS                                        TABLE
MVIEW$_ADV_PLAN                                              TABLE
MVIEW$_ADV_PRETTY                                            TABLE

TNAME                                                        TABTYPE         CLUSTERID
------------------------------------------------------------ -------------- ----------
MVIEW$_ADV_ROLLUP                                            TABLE
MVIEW$_ADV_SQLDEPEND                                         TABLE
MVIEW$_ADV_TEMP                                              TABLE
MVIEW$_ADV_WORKLOAD                                          TABLE
MVIEW_EVALUATIONS                                            VIEW
MVIEW_EXCEPTIONS                                             VIEW
MVIEW_FILTER                                                 VIEW
MVIEW_FILTERINSTANCE                                         VIEW
MVIEW_LOG                                                    VIEW
MVIEW_RECOMMENDATIONS                                        VIEW
MVIEW_WORKLOAD                                               VIEW

TNAME                                                        TABTYPE         CLUSTERID
------------------------------------------------------------ -------------- ----------
OL$                                                          TABLE
OL$HINTS                                                     TABLE
OL$NODES                                                     TABLE
PRODUCT_PRIVS                                                VIEW
PRODUCT_USER_PROFILE                                         SYNONYM
PUBLICSYN                                                    SYNONYM
REPCAT$_AUDIT_ATTRIBUTE                                      TABLE
REPCAT$_AUDIT_COLUMN                                         TABLE
REPCAT$_COLUMN_GROUP                                         TABLE
REPCAT$_CONFLICT                                             TABLE
REPCAT$_DDL                                                  TABLE

TNAME                                                        TABTYPE         CLUSTERID
------------------------------------------------------------ -------------- ----------
REPCAT$_EXCEPTIONS                                           TABLE
REPCAT$_EXTENSION                                            TABLE
REPCAT$_FLAVORS                                              TABLE
REPCAT$_FLAVOR_OBJECTS                                       TABLE
REPCAT$_GENERATED                                            TABLE
REPCAT$_GROUPED_COLUMN                                       TABLE
REPCAT$_INSTANTIATION_DDL                                    TABLE
REPCAT$_KEY_COLUMNS                                          TABLE
REPCAT$_OBJECT_PARMS                                         TABLE
REPCAT$_OBJECT_TYPES                                         TABLE
REPCAT$_PARAMETER_COLUMN                                     TABLE

TNAME                                                        TABTYPE         CLUSTERID
------------------------------------------------------------ -------------- ----------
REPCAT$_PRIORITY                                             TABLE
REPCAT$_PRIORITY_GROUP                                       TABLE
REPCAT$_REFRESH_TEMPLATES                                    TABLE
REPCAT$_REPCAT                                               TABLE
REPCAT$_REPCATLOG                                            TABLE
REPCAT$_REPCOLUMN                                            TABLE
REPCAT$_REPGROUP_PRIVS                                       TABLE
REPCAT$_REPOBJECT                                            TABLE
REPCAT$_REPPROP                                              TABLE
REPCAT$_REPSCHEMA                                            TABLE
REPCAT$_RESOLUTION                                           TABLE

TNAME                                                        TABTYPE         CLUSTERID
------------------------------------------------------------ -------------- ----------
REPCAT$_RESOLUTION_METHOD                                    TABLE
REPCAT$_RESOLUTION_STATISTICS                                TABLE
REPCAT$_RESOL_STATS_CONTROL                                  TABLE
REPCAT$_RUNTIME_PARMS                                        TABLE
REPCAT$_SITES_NEW                                            TABLE
REPCAT$_SITE_OBJECTS                                         TABLE
REPCAT$_SNAPGROUP                                            TABLE
REPCAT$_TEMPLATE_OBJECTS                                     TABLE
REPCAT$_TEMPLATE_PARMS                                       TABLE
REPCAT$_TEMPLATE_REFGROUPS                                   TABLE
REPCAT$_TEMPLATE_SITES                                       TABLE

TNAME                                                        TABTYPE         CLUSTERID
------------------------------------------------------------ -------------- ----------
REPCAT$_TEMPLATE_STATUS                                      TABLE
REPCAT$_TEMPLATE_TARGETS                                     TABLE
REPCAT$_TEMPLATE_TYPES                                       TABLE
REPCAT$_USER_AUTHORIZATIONS                                  TABLE
REPCAT$_USER_PARM_VALUES                                     TABLE
SQLPLUS_PRODUCT_PROFILE                                      TABLE
SYSCATALOG                                                   SYNONYM
SYSFILES                                                     SYNONYM
TAB                                                          SYNONYM
TABQUOTAS                                                    SYNONYM

175 rows selected.

SQL> conn hr;
Enter password:
Connected.
SQL> select * from tab;

TNAME                                                        TABTYPE         CLUSTERID
------------------------------------------------------------ -------------- ----------
COUNTRIES                                                    TABLE
DEPARTMENTS                                                  TABLE
EMPLOYEES                                                    TABLE
EMP_DETAILS_VIEW                                             VIEW
JOBS                                                         TABLE
JOB_HISTORY                                                  TABLE
LOCATIONS                                                    TABLE
REGIONS                                                      TABLE

8 rows selected.

SQL> select * from employees;

EMPLOYEE_ID FIRST_NAME                               LAST_NAME                                          EMAIL                                              PHONE_NUMBER                             HIRE_DAT JOB_ID                   SALARY COMMISSION_PCT MANAGER_ID DEPARTMENT_ID
----------- ---------------------------------------- -------------------------------------------------- -------------------------------------------------- ---------------------------------------- -------- -------------------- ---------- -------------- ---------- -------------
        100 Steven                                   King                                               SKING                                              515.123.4567                             03/06/17 AD_PRES                   24000                                      90
        101 Neena                                    Kochhar                                            NKOCHHAR                                           515.123.4568                             05/09/21 AD_VP                     17000                       100            90
        102 Lex                                      De Haan                                            LDEHAAN                                            515.123.4569                             01/01/13 AD_VP                     17000                       100            90
        103 Alexander                                Hunold                                             AHUNOLD                                            590.423.4567                             06/01/03 IT_PROG                    9000                       102            60
        104 Bruce                                    Ernst                                              BERNST                                             590.423.4568                             07/05/21 IT_PROG                    6000                       103            60
        105 David                                    Austin                                             DAUSTIN                                            590.423.4569                             05/06/25 IT_PROG                    4800                       103            60
        106 Valli                                    Pataballa                                          VPATABAL                                           590.423.4560                             06/02/05 IT_PROG                    4800                       103            60
        107 Diana                                    Lorentz                                            DLORENTZ                                           590.423.5567                             07/02/07 IT_PROG                    4200                       103            60
        108 Nancy                                    Greenberg                                          NGREENBE                                           515.124.4569                             02/08/17 FI_MGR                    12008                       101           100
        109 Daniel                                   Faviet                                             DFAVIET                                            515.124.4169                             02/08/16 FI_ACCOUNT                 9000                       108           100
        110 John                                     Chen                                               JCHEN                                              515.124.4269                             05/09/28 FI_ACCOUNT                 8200                       108           100

EMPLOYEE_ID FIRST_NAME                               LAST_NAME                                          EMAIL                                              PHONE_NUMBER                             HIRE_DAT JOB_ID                   SALARY COMMISSION_PCT MANAGER_ID DEPARTMENT_ID
----------- ---------------------------------------- -------------------------------------------------- -------------------------------------------------- ---------------------------------------- -------- -------------------- ---------- -------------- ---------- -------------
        111 Ismael                                   Sciarra                                            ISCIARRA                                           515.124.4369                             05/09/30 FI_ACCOUNT                 7700                       108           100
        112 Jose Manuel                              Urman                                              JMURMAN                                            515.124.4469                             06/03/07 FI_ACCOUNT                 7800                       108           100
        113 Luis                                     Popp                                               LPOPP                                              515.124.4567                             07/12/07 FI_ACCOUNT                 6900                       108           100
        114 Den                                      Raphaely                                           DRAPHEAL                                           515.127.4561                             02/12/07 PU_MAN                    11000                       100            30
        115 Alexander                                Khoo                                               AKHOO                                              515.127.4562                             03/05/18 PU_CLERK                   3100                       114            30
        116 Shelli                                   Baida                                              SBAIDA                                             515.127.4563                             05/12/24 PU_CLERK                   2900                       114            30
        117 Sigal                                    Tobias                                             STOBIAS                                            515.127.4564                             05/07/24 PU_CLERK                   2800                       114            30
        118 Guy                                      Himuro                                             GHIMURO                                            515.127.4565                             06/11/15 PU_CLERK                   2600                       114            30
        119 Karen                                    Colmenares                                         KCOLMENA                                           515.127.4566                             07/08/10 PU_CLERK                   2500                       114            30
        120 Matthew                                  Weiss                                              MWEISS                                             650.123.1234                             04/07/18 ST_MAN                     8000                       100            50
        121 Adam                                     Fripp                                              AFRIPP                                             650.123.2234                             05/04/10 ST_MAN                     8200                       100            50

EMPLOYEE_ID FIRST_NAME                               LAST_NAME                                          EMAIL                                              PHONE_NUMBER                             HIRE_DAT JOB_ID                   SALARY COMMISSION_PCT MANAGER_ID DEPARTMENT_ID
----------- ---------------------------------------- -------------------------------------------------- -------------------------------------------------- ---------------------------------------- -------- -------------------- ---------- -------------- ---------- -------------
        122 Payam                                    Kaufling                                           PKAUFLIN                                           650.123.3234                             03/05/01 ST_MAN                     7900                       100            50
        123 Shanta                                   Vollman                                            SVOLLMAN                                           650.123.4234                             05/10/10 ST_MAN                     6500                       100            50
        124 Kevin                                    Mourgos                                            KMOURGOS                                           650.123.5234                             07/11/16 ST_MAN                     5800                       100            50
        125 Julia                                    Nayer                                              JNAYER                                             650.124.1214                             05/07/16 ST_CLERK                   3200                       120            50
        126 Irene                                    Mikkilineni                                        IMIKKILI                                           650.124.1224                             06/09/28 ST_CLERK                   2700                       120            50
        127 James                                    Landry                                             JLANDRY                                            650.124.1334                             07/01/14 ST_CLERK                   2400                       120            50
        128 Steven                                   Markle                                             SMARKLE                                            650.124.1434                             08/03/08 ST_CLERK                   2200                       120            50
        129 Laura                                    Bissot                                             LBISSOT                                            650.124.5234                             05/08/20 ST_CLERK                   3300                       121            50
        130 Mozhe                                    Atkinson                                           MATKINSO                                           650.124.6234                             05/10/30 ST_CLERK                   2800                       121            50
        131 James                                    Marlow                                             JAMRLOW                                            650.124.7234                             05/02/16 ST_CLERK                   2500                       121            50
        132 TJ                                       Olson                                              TJOLSON                                            650.124.8234                             07/04/10 ST_CLERK                   2100                       121            50

EMPLOYEE_ID FIRST_NAME                               LAST_NAME                                          EMAIL                                              PHONE_NUMBER                             HIRE_DAT JOB_ID                   SALARY COMMISSION_PCT MANAGER_ID DEPARTMENT_ID
----------- ---------------------------------------- -------------------------------------------------- -------------------------------------------------- ---------------------------------------- -------- -------------------- ---------- -------------- ---------- -------------
        133 Jason                                    Mallin                                             JMALLIN                                            650.127.1934                             04/06/14 ST_CLERK                   3300                       122            50
        134 Michael                                  Rogers                                             MROGERS                                            650.127.1834                             06/08/26 ST_CLERK                   2900                       122            50
        135 Ki                                       Gee                                                KGEE                                               650.127.1734                             07/12/12 ST_CLERK                   2400                       122            50
        136 Hazel                                    Philtanker                                         HPHILTAN                                           650.127.1634                             08/02/06 ST_CLERK                   2200                       122            50
        137 Renske                                   Ladwig                                             RLADWIG                                            650.121.1234                             03/07/14 ST_CLERK                   3600                       123            50
        138 Stephen                                  Stiles                                             SSTILES                                            650.121.2034                             05/10/26 ST_CLERK                   3200                       123            50
        139 John                                     Seo                                                JSEO                                               650.121.2019                             06/02/12 ST_CLERK                   2700                       123            50
        140 Joshua                                   Patel                                              JPATEL                                             650.121.1834                             06/04/06 ST_CLERK                   2500                       123            50
        141 Trenna                                   Rajs                                               TRAJS                                              650.121.8009                             03/10/17 ST_CLERK                   3500                       124            50
        142 Curtis                                   Davies                                             CDAVIES                                            650.121.2994                             05/01/29 ST_CLERK                   3100                       124            50
        143 Randall                                  Matos                                              RMATOS                                             650.121.2874                             06/03/15 ST_CLERK                   2600                       124            50

EMPLOYEE_ID FIRST_NAME                               LAST_NAME                                          EMAIL                                              PHONE_NUMBER                             HIRE_DAT JOB_ID                   SALARY COMMISSION_PCT MANAGER_ID DEPARTMENT_ID
----------- ---------------------------------------- -------------------------------------------------- -------------------------------------------------- ---------------------------------------- -------- -------------------- ---------- -------------- ---------- -------------
        144 Peter                                    Vargas                                             PVARGAS                                            650.121.2004                             06/07/09 ST_CLERK                   2500                       124            50
        145 John                                     Russell                                            JRUSSEL                                            011.44.1344.429268                       04/10/01 SA_MAN                    14000             .4        100            80
        146 Karen                                    Partners                                           KPARTNER                                           011.44.1344.467268                       05/01/05 SA_MAN                    13500             .3        100            80
        147 Alberto                                  Errazuriz                                          AERRAZUR                                           011.44.1344.429278                       05/03/10 SA_MAN                    12000             .3        100            80
        148 Gerald                                   Cambrault                                          GCAMBRAU                                           011.44.1344.619268                       07/10/15 SA_MAN                    11000             .3        100            80
        149 Eleni                                    Zlotkey                                            EZLOTKEY                                           011.44.1344.429018                       08/01/29 SA_MAN                    10500             .2        100            80
        150 Peter                                    Tucker                                             PTUCKER                                            011.44.1344.129268                       05/01/30 SA_REP                    10000             .3        145            80
        151 David                                    Bernstein                                          DBERNSTE                                           011.44.1344.345268                       05/03/24 SA_REP                     9500            .25        145            80
        152 Peter                                    Hall                                               PHALL                                              011.44.1344.478968                       05/08/20 SA_REP                     9000            .25        145            80
        153 Christopher                              Olsen                                              COLSEN                                             011.44.1344.498718                       06/03/30 SA_REP                     8000             .2        145            80
        154 Nanette                                  Cambrault                                          NCAMBRAU                                           011.44.1344.987668                       06/12/09 SA_REP                     7500             .2        145            80

EMPLOYEE_ID FIRST_NAME                               LAST_NAME                                          EMAIL                                              PHONE_NUMBER                             HIRE_DAT JOB_ID                   SALARY COMMISSION_PCT MANAGER_ID DEPARTMENT_ID
----------- ---------------------------------------- -------------------------------------------------- -------------------------------------------------- ---------------------------------------- -------- -------------------- ---------- -------------- ---------- -------------
        155 Oliver                                   Tuvault                                            OTUVAULT                                           011.44.1344.486508                       07/11/23 SA_REP                     7000            .15        145            80
        156 Janette                                  King                                               JKING                                              011.44.1345.429268                       04/01/30 SA_REP                    10000            .35        146            80
        157 Patrick                                  Sully                                              PSULLY                                             011.44.1345.929268                       04/03/04 SA_REP                     9500            .35        146            80
        158 Allan                                    McEwen                                             AMCEWEN                                            011.44.1345.829268                       04/08/01 SA_REP                     9000            .35        146            80
        159 Lindsey                                  Smith                                              LSMITH                                             011.44.1345.729268                       05/03/10 SA_REP                     8000             .3        146            80
        160 Louise                                   Doran                                              LDORAN                                             011.44.1345.629268                       05/12/15 SA_REP                     7500             .3        146            80
        161 Sarath                                   Sewall                                             SSEWALL                                            011.44.1345.529268                       06/11/03 SA_REP                     7000            .25        146            80
        162 Clara                                    Vishney                                            CVISHNEY                                           011.44.1346.129268                       05/11/11 SA_REP                    10500            .25        147            80
        163 Danielle                                 Greene                                             DGREENE                                            011.44.1346.229268                       07/03/19 SA_REP                     9500            .15        147            80
        164 Mattea                                   Marvins                                            MMARVINS                                           011.44.1346.329268                       08/01/24 SA_REP                     7200             .1        147            80
        165 David                                    Lee                                                DLEE                                               011.44.1346.529268                       08/02/23 SA_REP                     6800             .1        147            80

EMPLOYEE_ID FIRST_NAME                               LAST_NAME                                          EMAIL                                              PHONE_NUMBER                             HIRE_DAT JOB_ID                   SALARY COMMISSION_PCT MANAGER_ID DEPARTMENT_ID
----------- ---------------------------------------- -------------------------------------------------- -------------------------------------------------- ---------------------------------------- -------- -------------------- ---------- -------------- ---------- -------------
        166 Sundar                                   Ande                                               SANDE                                              011.44.1346.629268                       08/03/24 SA_REP                     6400             .1        147            80
        167 Amit                                     Banda                                              ABANDA                                             011.44.1346.729268                       08/04/21 SA_REP                     6200             .1        147            80
        168 Lisa                                     Ozer                                               LOZER                                              011.44.1343.929268                       05/03/11 SA_REP                    11500            .25        148            80
        169 Harrison                                 Bloom                                              HBLOOM                                             011.44.1343.829268                       06/03/23 SA_REP                    10000             .2        148            80
        170 Tayler                                   Fox                                                TFOX                                               011.44.1343.729268                       06/01/24 SA_REP                     9600             .2        148            80
        171 William                                  Smith                                              WSMITH                                             011.44.1343.629268                       07/02/23 SA_REP                     7400            .15        148            80
        172 Elizabeth                                Bates                                              EBATES                                             011.44.1343.529268                       07/03/24 SA_REP                     7300            .15        148            80
        173 Sundita                                  Kumar                                              SKUMAR                                             011.44.1343.329268                       08/04/21 SA_REP                     6100             .1        148            80
        174 Ellen                                    Abel                                               EABEL                                              011.44.1644.429267                       04/05/11 SA_REP                    11000             .3        149            80
        175 Alyssa                                   Hutton                                             AHUTTON                                            011.44.1644.429266                       05/03/19 SA_REP                     8800            .25        149            80
        176 Jonathon                                 Taylor                                             JTAYLOR                                            011.44.1644.429265                       06/03/24 SA_REP                     8600             .2        149            80

EMPLOYEE_ID FIRST_NAME                               LAST_NAME                                          EMAIL                                              PHONE_NUMBER                             HIRE_DAT JOB_ID                   SALARY COMMISSION_PCT MANAGER_ID DEPARTMENT_ID
----------- ---------------------------------------- -------------------------------------------------- -------------------------------------------------- ---------------------------------------- -------- -------------------- ---------- -------------- ---------- -------------
        177 Jack                                     Livingston                                         JLIVINGS                                           011.44.1644.429264                       06/04/23 SA_REP                     8400             .2        149            80
        178 Kimberely                                Grant                                              KGRANT                                             011.44.1644.429263                       07/05/24 SA_REP                     7000            .15        149
        179 Charles                                  Johnson                                            CJOHNSON                                           011.44.1644.429262                       08/01/04 SA_REP                     6200             .1        149            80
        180 Winston                                  Taylor                                             WTAYLOR                                            650.507.9876                             06/01/24 SH_CLERK                   3200                       120            50
        181 Jean                                     Fleaur                                             JFLEAUR                                            650.507.9877                             06/02/23 SH_CLERK                   3100                       120            50
        182 Martha                                   Sullivan                                           MSULLIVA                                           650.507.9878                             07/06/21 SH_CLERK                   2500                       120            50
        183 Girard                                   Geoni                                              GGEONI                                             650.507.9879                             08/02/03 SH_CLERK                   2800                       120            50
        184 Nandita                                  Sarchand                                           NSARCHAN                                           650.509.1876                             04/01/27 SH_CLERK                   4200                       121            50
        185 Alexis                                   Bull                                               ABULL                                              650.509.2876                             05/02/20 SH_CLERK                   4100                       121            50
        186 Julia                                    Dellinger                                          JDELLING                                           650.509.3876                             06/06/24 SH_CLERK                   3400                       121            50
        187 Anthony                                  Cabrio                                             ACABRIO                                            650.509.4876                             07/02/07 SH_CLERK                   3000                       121            50

EMPLOYEE_ID FIRST_NAME                               LAST_NAME                                          EMAIL                                              PHONE_NUMBER                             HIRE_DAT JOB_ID                   SALARY COMMISSION_PCT MANAGER_ID DEPARTMENT_ID
----------- ---------------------------------------- -------------------------------------------------- -------------------------------------------------- ---------------------------------------- -------- -------------------- ---------- -------------- ---------- -------------
        188 Kelly                                    Chung                                              KCHUNG                                             650.505.1876                             05/06/14 SH_CLERK                   3800                       122            50
        189 Jennifer                                 Dilly                                              JDILLY                                             650.505.2876                             05/08/13 SH_CLERK                   3600                       122            50
        190 Timothy                                  Gates                                              TGATES                                             650.505.3876                             06/07/11 SH_CLERK                   2900                       122            50
        191 Randall                                  Perkins                                            RPERKINS                                           650.505.4876                             07/12/19 SH_CLERK                   2500                       122            50
        192 Sarah                                    Bell                                               SBELL                                              650.501.1876                             04/02/04 SH_CLERK                   4000                       123            50
        193 Britney                                  Everett                                            BEVERETT                                           650.501.2876                             05/03/03 SH_CLERK                   3900                       123            50
        194 Samuel                                   McCain                                             SMCCAIN                                            650.501.3876                             06/07/01 SH_CLERK                   3200                       123            50
        195 Vance                                    Jones                                              VJONES                                             650.501.4876                             07/03/17 SH_CLERK                   2800                       123            50
        196 Alana                                    Walsh                                              AWALSH                                             650.507.9811                             06/04/24 SH_CLERK                   3100                       124            50
        197 Kevin                                    Feeney                                             KFEENEY                                            650.507.9822                             06/05/23 SH_CLERK                   3000                       124            50
        198 Donald                                   OConnell                                           DOCONNEL                                           650.507.9833                             07/06/21 SH_CLERK                   2600                       124            50

EMPLOYEE_ID FIRST_NAME                               LAST_NAME                                          EMAIL                                              PHONE_NUMBER                             HIRE_DAT JOB_ID                   SALARY COMMISSION_PCT MANAGER_ID DEPARTMENT_ID
----------- ---------------------------------------- -------------------------------------------------- -------------------------------------------------- ---------------------------------------- -------- -------------------- ---------- -------------- ---------- -------------
        199 Douglas                                  Grant                                              DGRANT                                             650.507.9844                             08/01/13 SH_CLERK                   2600                       124            50
        200 Jennifer                                 Whalen                                             JWHALEN                                            515.123.4444                             03/09/17 AD_ASST                    4400                       101            10
        201 Michael                                  Hartstein                                          MHARTSTE                                           515.123.5555                             04/02/17 MK_MAN                    13000                       100            20
        202 Pat                                      Fay                                                PFAY                                               603.123.6666                             05/08/17 MK_REP                     6000                       201            20
        203 Susan                                    Mavris                                             SMAVRIS                                            515.123.7777                             02/06/07 HR_REP                     6500                       101            40
        204 Hermann                                  Baer                                               HBAER                                              515.123.8888                             02/06/07 PR_REP                    10000                       101            70
        205 Shelley                                  Higgins                                            SHIGGINS                                           515.123.8080                             02/06/07 AC_MGR                    12008                       101           110
        206 William                                  Gietz                                              WGIETZ                                             515.123.8181                             02/06/07 AC_ACCOUNT                 8300                       205           110

107 rows selected.

SQL> select "월","입사자수"
  2  from employees
  3
SQL> ;
  1  select "월","입사자수"
  2* from employees
SQL> ;
  1  select "월","입사자수"
  2* from employees
SQL> select to_char(hire_date, 'MM') 월, count(employee_id) 입사자
  2  from employees
  3  group by to_char(hire_date, 'MM')
  4  order by 월 ;

월       입사자
---- ----------
01           14
02           13
03           17
04            7
05            6
06           11
07            7
08            9
09            5
10            6
11            5

월       입사자
---- ----------
12            7

12 rows selected.

SQL> conn scott/tiger
Connected.
SQL> select * from emp;

     EMPNO ENAME                JOB                       MGR HIREDATE        SAL       COMM     DEPTNO
---------- -------------------- ------------------ ---------- -------- ---------- ---------- ----------
      7369 SMITH                CLERK                    7902 80/12/17        800                    20
      7499 ALLEN                SALESMAN                 7698 81/02/20       1600        300         30
      7521 WARD                 SALESMAN                 7698 81/02/22       1250        500         30
      7566 JONES                MANAGER                  7839 81/04/02       2975                    20
      7654 MARTIN               SALESMAN                 7698 81/09/28       1250       1400         30
      7698 BLAKE                MANAGER                  7839 81/05/01       2850                    30
      7782 CLARK                MANAGER                  7839 81/06/09       2450                    10
      7788 SCOTT                ANALYST                  7566 82/12/09       3000                    20
      7839 KING                 PRESIDENT                     81/11/17       5000                    10
      7844 TURNER               SALESMAN                 7698 81/09/08       1500          0         30
      7876 ADAMS                CLERK                    7788 83/01/12       1100                    20

     EMPNO ENAME                JOB                       MGR HIREDATE        SAL       COMM     DEPTNO
---------- -------------------- ------------------ ---------- -------- ---------- ---------- ----------
      7900 JAMES                CLERK                    7698 81/12/03        950                    30
      7902 FORD                 ANALYST                  7566 81/12/03       3000                    20
      7934 MILLER               CLERK                    7782 82/01/23       1300                    10

14 rows selected.

SQL> select ename, mgr, nvl2(mgr,'담당','관리자')
  2  from emp;

ENAME                       MGR NVL2(MGR,'담당','
-------------------- ---------- ------------------
SMITH                      7902 담당
ALLEN                      7698 담당
WARD                       7698 담당
JONES                      7839 담당
MARTIN                     7698 담당
BLAKE                      7839 담당
CLARK                      7839 담당
SCOTT                      7566 담당
KING                            관리자
TURNER                     7698 담당
ADAMS                      7788 담당

ENAME                       MGR NVL2(MGR,'담당','
-------------------- ---------- ------------------
JAMES                      7698 담당
FORD                       7566 담당
MILLER                     7782 담당

14 rows selected.

SQL> select ename, mgr, nvl2(mgr,'담당','관리자') 관리자
  2  from emp;

ENAME                       MGR 관리자
-------------------- ---------- ------------------
SMITH                      7902 담당
ALLEN                      7698 담당
WARD                       7698 담당
JONES                      7839 담당
MARTIN                     7698 담당
BLAKE                      7839 담당
CLARK                      7839 담당
SCOTT                      7566 담당
KING                            관리자
TURNER                     7698 담당
ADAMS                      7788 담당

ENAME                       MGR 관리자
-------------------- ---------- ------------------
JAMES                      7698 담당
FORD                       7566 담당
MILLER                     7782 담당

14 rows selected.

SQL> conn hr/hr
Connected.
SQL> select * from employees;

EMPLOYEE_ID FIRST_NAME                               LAST_NAME                                          EMAIL                                              PHONE_NUMBER                             HIRE_DAT JOB_ID                   SALARY COMMISSION_PCT MANAGER_ID DEPARTMENT_ID
----------- ---------------------------------------- -------------------------------------------------- -------------------------------------------------- ---------------------------------------- -------- -------------------- ---------- -------------- ---------- -------------
        100 Steven                                   King                                               SKING                                              515.123.4567                             03/06/17 AD_PRES                   24000                                      90
        101 Neena                                    Kochhar                                            NKOCHHAR                                           515.123.4568                             05/09/21 AD_VP                     17000                       100            90
        102 Lex                                      De Haan                                            LDEHAAN                                            515.123.4569                             01/01/13 AD_VP                     17000                       100            90
        103 Alexander                                Hunold                                             AHUNOLD                                            590.423.4567                             06/01/03 IT_PROG                    9000                       102            60
        104 Bruce                                    Ernst                                              BERNST                                             590.423.4568                             07/05/21 IT_PROG                    6000                       103            60
        105 David                                    Austin                                             DAUSTIN                                            590.423.4569                             05/06/25 IT_PROG                    4800                       103            60
        106 Valli                                    Pataballa                                          VPATABAL                                           590.423.4560                             06/02/05 IT_PROG                    4800                       103            60
        107 Diana                                    Lorentz                                            DLORENTZ                                           590.423.5567                             07/02/07 IT_PROG                    4200                       103            60
        108 Nancy                                    Greenberg                                          NGREENBE                                           515.124.4569                             02/08/17 FI_MGR                    12008                       101           100
        109 Daniel                                   Faviet                                             DFAVIET                                            515.124.4169                             02/08/16 FI_ACCOUNT                 9000                       108           100
        110 John                                     Chen                                               JCHEN                                              515.124.4269                             05/09/28 FI_ACCOUNT                 8200                       108           100

EMPLOYEE_ID FIRST_NAME                               LAST_NAME                                          EMAIL                                              PHONE_NUMBER                             HIRE_DAT JOB_ID                   SALARY COMMISSION_PCT MANAGER_ID DEPARTMENT_ID
----------- ---------------------------------------- -------------------------------------------------- -------------------------------------------------- ---------------------------------------- -------- -------------------- ---------- -------------- ---------- -------------
        111 Ismael                                   Sciarra                                            ISCIARRA                                           515.124.4369                             05/09/30 FI_ACCOUNT                 7700                       108           100
        112 Jose Manuel                              Urman                                              JMURMAN                                            515.124.4469                             06/03/07 FI_ACCOUNT                 7800                       108           100
        113 Luis                                     Popp                                               LPOPP                                              515.124.4567                             07/12/07 FI_ACCOUNT                 6900                       108           100
        114 Den                                      Raphaely                                           DRAPHEAL                                           515.127.4561                             02/12/07 PU_MAN                    11000                       100            30
        115 Alexander                                Khoo                                               AKHOO                                              515.127.4562                             03/05/18 PU_CLERK                   3100                       114            30
        116 Shelli                                   Baida                                              SBAIDA                                             515.127.4563                             05/12/24 PU_CLERK                   2900                       114            30
        117 Sigal                                    Tobias                                             STOBIAS                                            515.127.4564                             05/07/24 PU_CLERK                   2800                       114            30
        118 Guy                                      Himuro                                             GHIMURO                                            515.127.4565                             06/11/15 PU_CLERK                   2600                       114            30
        119 Karen                                    Colmenares                                         KCOLMENA                                           515.127.4566                             07/08/10 PU_CLERK                   2500                       114            30
        120 Matthew                                  Weiss                                              MWEISS                                             650.123.1234                             04/07/18 ST_MAN                     8000                       100            50
        121 Adam                                     Fripp                                              AFRIPP                                             650.123.2234                             05/04/10 ST_MAN                     8200                       100            50

EMPLOYEE_ID FIRST_NAME                               LAST_NAME                                          EMAIL                                              PHONE_NUMBER                             HIRE_DAT JOB_ID                   SALARY COMMISSION_PCT MANAGER_ID DEPARTMENT_ID
----------- ---------------------------------------- -------------------------------------------------- -------------------------------------------------- ---------------------------------------- -------- -------------------- ---------- -------------- ---------- -------------
        122 Payam                                    Kaufling                                           PKAUFLIN                                           650.123.3234                             03/05/01 ST_MAN                     7900                       100            50
        123 Shanta                                   Vollman                                            SVOLLMAN                                           650.123.4234                             05/10/10 ST_MAN                     6500                       100            50
        124 Kevin                                    Mourgos                                            KMOURGOS                                           650.123.5234                             07/11/16 ST_MAN                     5800                       100            50
        125 Julia                                    Nayer                                              JNAYER                                             650.124.1214                             05/07/16 ST_CLERK                   3200                       120            50
        126 Irene                                    Mikkilineni                                        IMIKKILI                                           650.124.1224                             06/09/28 ST_CLERK                   2700                       120            50
        127 James                                    Landry                                             JLANDRY                                            650.124.1334                             07/01/14 ST_CLERK                   2400                       120            50
        128 Steven                                   Markle                                             SMARKLE                                            650.124.1434                             08/03/08 ST_CLERK                   2200                       120            50
        129 Laura                                    Bissot                                             LBISSOT                                            650.124.5234                             05/08/20 ST_CLERK                   3300                       121            50
        130 Mozhe                                    Atkinson                                           MATKINSO                                           650.124.6234                             05/10/30 ST_CLERK                   2800                       121            50
        131 James                                    Marlow                                             JAMRLOW                                            650.124.7234                             05/02/16 ST_CLERK                   2500                       121            50
        132 TJ                                       Olson                                              TJOLSON                                            650.124.8234                             07/04/10 ST_CLERK                   2100                       121            50

EMPLOYEE_ID FIRST_NAME                               LAST_NAME                                          EMAIL                                              PHONE_NUMBER                             HIRE_DAT JOB_ID                   SALARY COMMISSION_PCT MANAGER_ID DEPARTMENT_ID
----------- ---------------------------------------- -------------------------------------------------- -------------------------------------------------- ---------------------------------------- -------- -------------------- ---------- -------------- ---------- -------------
        133 Jason                                    Mallin                                             JMALLIN                                            650.127.1934                             04/06/14 ST_CLERK                   3300                       122            50
        134 Michael                                  Rogers                                             MROGERS                                            650.127.1834                             06/08/26 ST_CLERK                   2900                       122            50
        135 Ki                                       Gee                                                KGEE                                               650.127.1734                             07/12/12 ST_CLERK                   2400                       122            50
        136 Hazel                                    Philtanker                                         HPHILTAN                                           650.127.1634                             08/02/06 ST_CLERK                   2200                       122            50
        137 Renske                                   Ladwig                                             RLADWIG                                            650.121.1234                             03/07/14 ST_CLERK                   3600                       123            50
        138 Stephen                                  Stiles                                             SSTILES                                            650.121.2034                             05/10/26 ST_CLERK                   3200                       123            50
        139 John                                     Seo                                                JSEO                                               650.121.2019                             06/02/12 ST_CLERK                   2700                       123            50
        140 Joshua                                   Patel                                              JPATEL                                             650.121.1834                             06/04/06 ST_CLERK                   2500                       123            50
        141 Trenna                                   Rajs                                               TRAJS                                              650.121.8009                             03/10/17 ST_CLERK                   3500                       124            50
        142 Curtis                                   Davies                                             CDAVIES                                            650.121.2994                             05/01/29 ST_CLERK                   3100                       124            50
        143 Randall                                  Matos                                              RMATOS                                             650.121.2874                             06/03/15 ST_CLERK                   2600                       124            50

EMPLOYEE_ID FIRST_NAME                               LAST_NAME                                          EMAIL                                              PHONE_NUMBER                             HIRE_DAT JOB_ID                   SALARY COMMISSION_PCT MANAGER_ID DEPARTMENT_ID
----------- ---------------------------------------- -------------------------------------------------- -------------------------------------------------- ---------------------------------------- -------- -------------------- ---------- -------------- ---------- -------------
        144 Peter                                    Vargas                                             PVARGAS                                            650.121.2004                             06/07/09 ST_CLERK                   2500                       124            50
        145 John                                     Russell                                            JRUSSEL                                            011.44.1344.429268                       04/10/01 SA_MAN                    14000             .4        100            80
        146 Karen                                    Partners                                           KPARTNER                                           011.44.1344.467268                       05/01/05 SA_MAN                    13500             .3        100            80
        147 Alberto                                  Errazuriz                                          AERRAZUR                                           011.44.1344.429278                       05/03/10 SA_MAN                    12000             .3        100            80
        148 Gerald                                   Cambrault                                          GCAMBRAU                                           011.44.1344.619268                       07/10/15 SA_MAN                    11000             .3        100            80
        149 Eleni                                    Zlotkey                                            EZLOTKEY                                           011.44.1344.429018                       08/01/29 SA_MAN                    10500             .2        100            80
        150 Peter                                    Tucker                                             PTUCKER                                            011.44.1344.129268                       05/01/30 SA_REP                    10000             .3        145            80
        151 David                                    Bernstein                                          DBERNSTE                                           011.44.1344.345268                       05/03/24 SA_REP                     9500            .25        145            80
        152 Peter                                    Hall                                               PHALL                                              011.44.1344.478968                       05/08/20 SA_REP                     9000            .25        145            80
        153 Christopher                              Olsen                                              COLSEN                                             011.44.1344.498718                       06/03/30 SA_REP                     8000             .2        145            80
        154 Nanette                                  Cambrault                                          NCAMBRAU                                           011.44.1344.987668                       06/12/09 SA_REP                     7500             .2        145            80

EMPLOYEE_ID FIRST_NAME                               LAST_NAME                                          EMAIL                                              PHONE_NUMBER                             HIRE_DAT JOB_ID                   SALARY COMMISSION_PCT MANAGER_ID DEPARTMENT_ID
----------- ---------------------------------------- -------------------------------------------------- -------------------------------------------------- ---------------------------------------- -------- -------------------- ---------- -------------- ---------- -------------
        155 Oliver                                   Tuvault                                            OTUVAULT                                           011.44.1344.486508                       07/11/23 SA_REP                     7000            .15        145            80
        156 Janette                                  King                                               JKING                                              011.44.1345.429268                       04/01/30 SA_REP                    10000            .35        146            80
        157 Patrick                                  Sully                                              PSULLY                                             011.44.1345.929268                       04/03/04 SA_REP                     9500            .35        146            80
        158 Allan                                    McEwen                                             AMCEWEN                                            011.44.1345.829268                       04/08/01 SA_REP                     9000            .35        146            80
        159 Lindsey                                  Smith                                              LSMITH                                             011.44.1345.729268                       05/03/10 SA_REP                     8000             .3        146            80
        160 Louise                                   Doran                                              LDORAN                                             011.44.1345.629268                       05/12/15 SA_REP                     7500             .3        146            80
        161 Sarath                                   Sewall                                             SSEWALL                                            011.44.1345.529268                       06/11/03 SA_REP                     7000            .25        146            80
        162 Clara                                    Vishney                                            CVISHNEY                                           011.44.1346.129268                       05/11/11 SA_REP                    10500            .25        147            80
        163 Danielle                                 Greene                                             DGREENE                                            011.44.1346.229268                       07/03/19 SA_REP                     9500            .15        147            80
        164 Mattea                                   Marvins                                            MMARVINS                                           011.44.1346.329268                       08/01/24 SA_REP                     7200             .1        147            80
        165 David                                    Lee                                                DLEE                                               011.44.1346.529268                       08/02/23 SA_REP                     6800             .1        147            80

EMPLOYEE_ID FIRST_NAME                               LAST_NAME                                          EMAIL                                              PHONE_NUMBER                             HIRE_DAT JOB_ID                   SALARY COMMISSION_PCT MANAGER_ID DEPARTMENT_ID
----------- ---------------------------------------- -------------------------------------------------- -------------------------------------------------- ---------------------------------------- -------- -------------------- ---------- -------------- ---------- -------------
        166 Sundar                                   Ande                                               SANDE                                              011.44.1346.629268                       08/03/24 SA_REP                     6400             .1        147            80
        167 Amit                                     Banda                                              ABANDA                                             011.44.1346.729268                       08/04/21 SA_REP                     6200             .1        147            80
        168 Lisa                                     Ozer                                               LOZER                                              011.44.1343.929268                       05/03/11 SA_REP                    11500            .25        148            80
        169 Harrison                                 Bloom                                              HBLOOM                                             011.44.1343.829268                       06/03/23 SA_REP                    10000             .2        148            80
        170 Tayler                                   Fox                                                TFOX                                               011.44.1343.729268                       06/01/24 SA_REP                     9600             .2        148            80
        171 William                                  Smith                                              WSMITH                                             011.44.1343.629268                       07/02/23 SA_REP                     7400            .15        148            80
        172 Elizabeth                                Bates                                              EBATES                                             011.44.1343.529268                       07/03/24 SA_REP                     7300            .15        148            80
        173 Sundita                                  Kumar                                              SKUMAR                                             011.44.1343.329268                       08/04/21 SA_REP                     6100             .1        148            80
        174 Ellen                                    Abel                                               EABEL                                              011.44.1644.429267                       04/05/11 SA_REP                    11000             .3        149            80
        175 Alyssa                                   Hutton                                             AHUTTON                                            011.44.1644.429266                       05/03/19 SA_REP                     8800            .25        149            80
        176 Jonathon                                 Taylor                                             JTAYLOR                                            011.44.1644.429265                       06/03/24 SA_REP                     8600             .2        149            80

EMPLOYEE_ID FIRST_NAME                               LAST_NAME                                          EMAIL                                              PHONE_NUMBER                             HIRE_DAT JOB_ID                   SALARY COMMISSION_PCT MANAGER_ID DEPARTMENT_ID
----------- ---------------------------------------- -------------------------------------------------- -------------------------------------------------- ---------------------------------------- -------- -------------------- ---------- -------------- ---------- -------------
        177 Jack                                     Livingston                                         JLIVINGS                                           011.44.1644.429264                       06/04/23 SA_REP                     8400             .2        149            80
        178 Kimberely                                Grant                                              KGRANT                                             011.44.1644.429263                       07/05/24 SA_REP                     7000            .15        149
        179 Charles                                  Johnson                                            CJOHNSON                                           011.44.1644.429262                       08/01/04 SA_REP                     6200             .1        149            80
        180 Winston                                  Taylor                                             WTAYLOR                                            650.507.9876                             06/01/24 SH_CLERK                   3200                       120            50
        181 Jean                                     Fleaur                                             JFLEAUR                                            650.507.9877                             06/02/23 SH_CLERK                   3100                       120            50
        182 Martha                                   Sullivan                                           MSULLIVA                                           650.507.9878                             07/06/21 SH_CLERK                   2500                       120            50
        183 Girard                                   Geoni                                              GGEONI                                             650.507.9879                             08/02/03 SH_CLERK                   2800                       120            50
        184 Nandita                                  Sarchand                                           NSARCHAN                                           650.509.1876                             04/01/27 SH_CLERK                   4200                       121            50
        185 Alexis                                   Bull                                               ABULL                                              650.509.2876                             05/02/20 SH_CLERK                   4100                       121            50
        186 Julia                                    Dellinger                                          JDELLING                                           650.509.3876                             06/06/24 SH_CLERK                   3400                       121            50
        187 Anthony                                  Cabrio                                             ACABRIO                                            650.509.4876                             07/02/07 SH_CLERK                   3000                       121            50

EMPLOYEE_ID FIRST_NAME                               LAST_NAME                                          EMAIL                                              PHONE_NUMBER                             HIRE_DAT JOB_ID                   SALARY COMMISSION_PCT MANAGER_ID DEPARTMENT_ID
----------- ---------------------------------------- -------------------------------------------------- -------------------------------------------------- ---------------------------------------- -------- -------------------- ---------- -------------- ---------- -------------
        188 Kelly                                    Chung                                              KCHUNG                                             650.505.1876                             05/06/14 SH_CLERK                   3800                       122            50
        189 Jennifer                                 Dilly                                              JDILLY                                             650.505.2876                             05/08/13 SH_CLERK                   3600                       122            50
        190 Timothy                                  Gates                                              TGATES                                             650.505.3876                             06/07/11 SH_CLERK                   2900                       122            50
        191 Randall                                  Perkins                                            RPERKINS                                           650.505.4876                             07/12/19 SH_CLERK                   2500                       122            50
        192 Sarah                                    Bell                                               SBELL                                              650.501.1876                             04/02/04 SH_CLERK                   4000                       123            50
        193 Britney                                  Everett                                            BEVERETT                                           650.501.2876                             05/03/03 SH_CLERK                   3900                       123            50
        194 Samuel                                   McCain                                             SMCCAIN                                            650.501.3876                             06/07/01 SH_CLERK                   3200                       123            50
        195 Vance                                    Jones                                              VJONES                                             650.501.4876                             07/03/17 SH_CLERK                   2800                       123            50
        196 Alana                                    Walsh                                              AWALSH                                             650.507.9811                             06/04/24 SH_CLERK                   3100                       124            50
        197 Kevin                                    Feeney                                             KFEENEY                                            650.507.9822                             06/05/23 SH_CLERK                   3000                       124            50
        198 Donald                                   OConnell                                           DOCONNEL                                           650.507.9833                             07/06/21 SH_CLERK                   2600                       124            50

EMPLOYEE_ID FIRST_NAME                               LAST_NAME                                          EMAIL                                              PHONE_NUMBER                             HIRE_DAT JOB_ID                   SALARY COMMISSION_PCT MANAGER_ID DEPARTMENT_ID
----------- ---------------------------------------- -------------------------------------------------- -------------------------------------------------- ---------------------------------------- -------- -------------------- ---------- -------------- ---------- -------------
        199 Douglas                                  Grant                                              DGRANT                                             650.507.9844                             08/01/13 SH_CLERK                   2600                       124            50
        200 Jennifer                                 Whalen                                             JWHALEN                                            515.123.4444                             03/09/17 AD_ASST                    4400                       101            10
        201 Michael                                  Hartstein                                          MHARTSTE                                           515.123.5555                             04/02/17 MK_MAN                    13000                       100            20
        202 Pat                                      Fay                                                PFAY                                               603.123.6666                             05/08/17 MK_REP                     6000                       201            20
        203 Susan                                    Mavris                                             SMAVRIS                                            515.123.7777                             02/06/07 HR_REP                     6500                       101            40
        204 Hermann                                  Baer                                               HBAER                                              515.123.8888                             02/06/07 PR_REP                    10000                       101            70
        205 Shelley                                  Higgins                                            SHIGGINS                                           515.123.8080                             02/06/07 AC_MGR                    12008                       101           110
        206 William                                  Gietz                                              WGIETZ                                             515.123.8181                             02/06/07 AC_ACCOUNT                 8300                       205           110

107 rows selected.

SQL> select department_id 부서번호, avg(salary) 평균급여
  2  from employees
  3  where nvl(department_id, 'No Department')
  4  group by department_id
  5  having avg(salary)>6000;
group by department_id
        *
ERROR at line 4:
ORA-00920: invalid relational operator


SQL> select nvl(department_id, 'No Department') 부서번호,avg(salary) 평균급여
  2  from employees
  3  group by department_id
  4  having avg(salary)>6000;
select nvl(department_id, 'No Department') 부서번호,avg(salary) 평균급여
                          *
ERROR at line 1:
ORA-01722: invalid number


SQL> select department_id 부서번호, avg(salary) 평균급여
  2  from employees
  3  where nvl(department_id, 'No Department')
  4  group by department_id;
group by department_id
        *
ERROR at line 4:
ORA-00920: invalid relational operator


SQL> select department_id 부서번호, avg(salary) 평균급여
  2  from employees
  3  where department_id = nvl(department_id, 'No Department')
  4  group by department_id;

  부서번호   평균급여
---------- ----------
       100 8601.33333
        30       4150
        90 19333.3333
        20       9500
        70      10000
       110      10154
        50 3475.55556
        80 8955.88235
        40       6500
        60       5760
        10       4400

11 rows selected.

SQL> select department_id 부서번호, avg(salary) 평균급여
  2  from employees
  3  where department_id = nvl(department_id, 'No Department')
  4  group by department_id
  5  having avg(salary)>6000;

  부서번호   평균급여
---------- ----------
       100 8601.33333
        90 19333.3333
        20       9500
        70      10000
       110      10154
        80 8955.88235
        40       6500

7 rows selected.

SQL> select department_id 부서번호, round(avg(salary),2) 평균급여
  2  from employees
  3  where department_id = nvl(to_char(department_id, 'No Department'))
  4  group by department_id
  5  having avg(salary)>6000;
where department_id = nvl(to_char(department_id, 'No Department'))
                              *
ERROR at line 3:
ORA-00909: invalid number of arguments


SQL> select department_id 부서번호, round(avg(salary),2) 평균급여
  2  from employees
  3  where department_id = nvl(to_char(department_id, 'No Department'), 'No Department')
  4  group by department_id
  5  having avg(salary)>6000;
where department_id = nvl(to_char(department_id, 'No Department'), 'No Department')
                                                         *
ERROR at line 3:
ORA-01481: invalid number format model


SQL> select department_id 부서번호, round(avg(salary),2) 평균급여
  2  from employees
  3  where department_id = nvl(to_char(department_id), 'No Department');
select department_id 부서번호, round(avg(salary),2) 평균급여
       *
ERROR at line 1:
ORA-00937: not a single-group group function


SQL>  select nvl(to_char(department_id),'No Department') 부서번호, round(avg(salary),2) 평균급여
  2  from employees
  3  group by department_id
  4  having avg(salary)>6000;

부서번호                                                                           평균급여
-------------------------------------------------------------------------------- ----------
100                                                                                 8601.33
No Department                                                                          7000
90                                                                                 19333.33
20                                                                                     9500
70                                                                                    10000
110                                                                                   10154
80                                                                                  8955.88
40                                                                                     6500

8 rows selected.

SQL> select nvl(to_char(department_id),'No Department') 부서번호, round(avg(salary),0) 평균급여
  2  from employees
  3  group by department_id
  4  having avg(salary)>6000;

부서번호                                                                           평균급여
-------------------------------------------------------------------------------- ----------
100                                                                                    8601
No Department                                                                          7000
90                                                                                    19333
20                                                                                     9500
70                                                                                    10000
110                                                                                   10154
80                                                                                     8956
40                                                                                     6500

8 rows selected.

SQL> select department_id, avg(salary)
  2  from employees
  3  group by department_id
  4  having avg(salary)>=10000;

DEPARTMENT_ID AVG(SALARY)
------------- -----------
           90  19333.3333
           70       10000
          110       10154

SQL> select department_id, avg(salary)
  2  from employees
  3  group by department_id
  4  order by desc;
order by desc
         *
ERROR at line 4:
ORA-00936: missing expression


SQL> select department_id, avg(salary)
  2  from employees
  3  group by department_id
  4  order by avg(salary) desc;

DEPARTMENT_ID AVG(SALARY)
------------- -----------
           90  19333.3333
          110       10154
           70       10000
           20        9500
           80  8955.88235
          100  8601.33333
                     7000
           40        6500
           60        5760
           10        4400
           30        4150

DEPARTMENT_ID AVG(SALARY)
------------- -----------
           50  3475.55556

12 rows selected.

SQL> select department_id, avg(salary)
  2  from employees
  3  group by department_id
  4  where department_id not like 40 || 50
  5  order by avg(salary) desc;
where department_id not like 40 || 50
*
ERROR at line 4:
ORA-00933: SQL command not properly ended


SQL> select department_id, avg(salary)
  2  from employees
  3  group by department_id
  4  where department_id not like 40 or 50
  5  order by avg(salary) desc;
where department_id not like 40 or 50
*
ERROR at line 4:
ORA-00933: SQL command not properly ended


SQL> select department_id, avg(salary)
  2  from employees
  3  group by department_id
  4  where department_id not 40 and 50
  5  order by avg(salary) desc;
where department_id not 40 and 50
*
ERROR at line 4:
ORA-00933: SQL command not properly ended


SQL> select department_id, avg(salary)
  2  from employees
  3  where department_id not like 40 or 50
  4  group by department_id
  5  order by avg(salary) desc;
group by department_id
*
ERROR at line 4:
ORA-00920: invalid relational operator


SQL> select department_id, avg(salary)
  2  from employees
  3  where department_id not like 40 and 50
  4  group by department_id
  5  order by avg(salary) desc;
group by department_id
*
ERROR at line 4:
ORA-00920: invalid relational operator


SQL>  select department_id, avg(salary)
  2   from employees
  3   where department_id not 40 and 50
  4  group by department_id
  5  order by avg(salary) desc;
 where department_id not 40 and 50
                         *
ERROR at line 3:
ORA-00920: invalid relational operator


SQL> select department_id, avg(salary)
  2  from employees
  3  where department_id not between40 and 50
  4  group by department_id
  5  order by avg(salary) desc;
where department_id not between40 and 50
                        *
ERROR at line 3:
ORA-00920: invalid relational operator


SQL> select department_id, avg(salary)
  2  from employees
  3  where department_id not between 40 and 50
  4  group by department_id
  5  order by avg(salary) desc;

DEPARTMENT_ID AVG(SALARY)
------------- -----------
           90  19333.3333
          110       10154
           70       10000
           20        9500
           80  8955.88235
          100  8601.33333
           60        5760
           10        4400
           30        4150

9 rows selected.

SQL> select nvl(to_char(department_id), 'No Department') 부서번호, round(avg(salary), 0) "평균 급여"
  2  from employees
  3  group by department_id
  4  having round(avg(salary), 0)>6000;

부서번호                                                                          평균 급여
-------------------------------------------------------------------------------- ----------
100                                                                                    8601
No Department                                                                          7000
90                                                                                    19333
20                                                                                     9500
70                                                                                    10000
110                                                                                   10154
80                                                                                     8956
40                                                                                     6500

8 rows selected.

SQL> select first_name, last_name, salary, commition_pct,sum(sal + comm) TO
  2  from employees
  3  where commition_pct not null
  4  order by sum;
select first_name, last_name, salary, commition_pct,sum(sal + comm) TO
                                                                    *
ERROR at line 1:
ORA-00923: FROM keyword not found where expected


SQL> conn scott/tiger
Connected.
SQL> desc dept
 Name                                                                                                                                                                          Null?    Type
 ----------------------------------------------------------------------------------------------------------------------------------------------------------------------------- -------- --------------------------------------------------------------------------------------------------------------------
 DEPTNO                                                                                                                                                                                 NUMBER(7,2)
 DNAME                                                                                                                                                                                  VARCHAR2(14)
 LOC_CODE                                                                                                                                                                               CHAR(2)

SQL> select dname, sal
  2  ;

*
ERROR at line 2:
ORA-00923: FROM keyword not found where expected


SQL> desc dept
 Name                                                                                                                                                                          Null?    Type
 ----------------------------------------------------------------------------------------------------------------------------------------------------------------------------- -------- --------------------------------------------------------------------------------------------------------------------
 DEPTNO                                                                                                                                                                                 NUMBER(7,2)
 DNAME                                                                                                                                                                                  VARCHAR2(14)
 LOC_CODE                                                                                                                                                                               CHAR(2)

SQL> desc emp
 Name                                                                                                                                                                          Null?    Type
 ----------------------------------------------------------------------------------------------------------------------------------------------------------------------------- -------- --------------------------------------------------------------------------------------------------------------------
 EMPNO                                                                                                                                                                         NOT NULL NUMBER(4)
 ENAME                                                                                                                                                                                  VARCHAR2(10)
 JOB                                                                                                                                                                                    VARCHAR2(9)
 MGR                                                                                                                                                                                    NUMBER(4)
 HIREDATE                                                                                                                                                                               DATE
 SAL                                                                                                                                                                                    NUMBER(7,2)
 COMM                                                                                                                                                                                   NUMBER(7,2)
 DEPTNO                                                                                                                                                                                 NUMBER(2)

SQL> select dname, ename, sal
  2  from emp,dept;

DNAME                        ENAME                       SAL
---------------------------- -------------------- ----------
ACCOUNTING                   SMITH                       800
ACCOUNTING                   ALLEN                      1600
ACCOUNTING                   WARD                       1250
ACCOUNTING                   JONES                      2975
ACCOUNTING                   MARTIN                     1250
ACCOUNTING                   BLAKE                      2850
ACCOUNTING                   CLARK                      2450
ACCOUNTING                   SCOTT                      3000
ACCOUNTING                   KING                       5000
ACCOUNTING                   TURNER                     1500
ACCOUNTING                   ADAMS                      1100

DNAME                        ENAME                       SAL
---------------------------- -------------------- ----------
ACCOUNTING                   JAMES                       950
ACCOUNTING                   FORD                       3000
ACCOUNTING                   MILLER                     1300
RESEARCH                     SMITH                       800
RESEARCH                     ALLEN                      1600
RESEARCH                     WARD                       1250
RESEARCH                     JONES                      2975
RESEARCH                     MARTIN                     1250
RESEARCH                     BLAKE                      2850
RESEARCH                     CLARK                      2450
RESEARCH                     SCOTT                      3000

DNAME                        ENAME                       SAL
---------------------------- -------------------- ----------
RESEARCH                     KING                       5000
RESEARCH                     TURNER                     1500
RESEARCH                     ADAMS                      1100
RESEARCH                     JAMES                       950
RESEARCH                     FORD                       3000
RESEARCH                     MILLER                     1300
SALES                        SMITH                       800
SALES                        ALLEN                      1600
SALES                        WARD                       1250
SALES                        JONES                      2975
SALES                        MARTIN                     1250

DNAME                        ENAME                       SAL
---------------------------- -------------------- ----------
SALES                        BLAKE                      2850
SALES                        CLARK                      2450
SALES                        SCOTT                      3000
SALES                        KING                       5000
SALES                        TURNER                     1500
SALES                        ADAMS                      1100
SALES                        JAMES                       950
SALES                        FORD                       3000
SALES                        MILLER                     1300
OPERATIONS                   SMITH                       800
OPERATIONS                   ALLEN                      1600

DNAME                        ENAME                       SAL
---------------------------- -------------------- ----------
OPERATIONS                   WARD                       1250
OPERATIONS                   JONES                      2975
OPERATIONS                   MARTIN                     1250
OPERATIONS                   BLAKE                      2850
OPERATIONS                   CLARK                      2450
OPERATIONS                   SCOTT                      3000
OPERATIONS                   KING                       5000
OPERATIONS                   TURNER                     1500
OPERATIONS                   ADAMS                      1100
OPERATIONS                   JAMES                       950
OPERATIONS                   FORD                       3000

DNAME                        ENAME                       SAL
---------------------------- -------------------- ----------
OPERATIONS                   MILLER                     1300
INSA                         SMITH                       800
INSA                         ALLEN                      1600
INSA                         WARD                       1250
INSA                         JONES                      2975
INSA                         MARTIN                     1250
INSA                         BLAKE                      2850
INSA                         CLARK                      2450
INSA                         SCOTT                      3000
INSA                         KING                       5000
INSA                         TURNER                     1500

DNAME                        ENAME                       SAL
---------------------------- -------------------- ----------
INSA                         ADAMS                      1100
INSA                         JAMES                       950
INSA                         FORD                       3000
INSA                         MILLER                     1300

70 rows selected.

SQL> select dname, ename, sal
  2  from emp,dept
  3  where deptno = deptno;
where deptno = deptno
               *
ERROR at line 3:
ORA-00918: column ambiguously defined


SQL> select dname, ename, sal
  2  from emp,dept
  3  where emp.deptno = dept.deptno;

DNAME                        ENAME                       SAL
---------------------------- -------------------- ----------
RESEARCH                     SMITH                       800
SALES                        ALLEN                      1600
SALES                        WARD                       1250
RESEARCH                     JONES                      2975
SALES                        MARTIN                     1250
SALES                        BLAKE                      2850
ACCOUNTING                   CLARK                      2450
RESEARCH                     SCOTT                      3000
ACCOUNTING                   KING                       5000
SALES                        TURNER                     1500
RESEARCH                     ADAMS                      1100

DNAME                        ENAME                       SAL
---------------------------- -------------------- ----------
SALES                        JAMES                       950
RESEARCH                     FORD                       3000
ACCOUNTING                   MILLER                     1300

14 rows selected.

-----------------------------------------------------------------------3번째----------------------------------------------------------------------


SQL*Plus: Release 11.2.0.2.0 Production on 금 12월 20 09:13:36 2019

Copyright (c) 1982, 2014, Oracle.  All rights reserved.

SQL> conn scott/tiger
Connected.
SQL> set linesize 300
SQL> set pagesize 300
SQL> select * from emp;

     EMPNO ENAME                JOB                       MGR HIREDATE        SAL       COMM     DEPTNO
---------- -------------------- ------------------ ---------- -------- ---------- ---------- ----------
      7369 SMITH                CLERK                    7902 80/12/17        800                    20
      7499 ALLEN                SALESMAN                 7698 81/02/20       1600        300         30
      7521 WARD                 SALESMAN                 7698 81/02/22       1250        500         30
      7566 JONES                MANAGER                  7839 81/04/02       2975                    20
      7654 MARTIN               SALESMAN                 7698 81/09/28       1250       1400         30
      7698 BLAKE                MANAGER                  7839 81/05/01       2850                    30
      7782 CLARK                MANAGER                  7839 81/06/09       2450                    10
      7788 SCOTT                ANALYST                  7566 82/12/09       3000                    20
      7839 KING                 PRESIDENT                     81/11/17       5000                    10
      7844 TURNER               SALESMAN                 7698 81/09/08       1500          0         30
      7876 ADAMS                CLERK                    7788 83/01/12       1100                    20
      7900 JAMES                CLERK                    7698 81/12/03        950                    30
      7902 FORD                 ANALYST                  7566 81/12/03       3000                    20
      7934 MILLER               CLERK                    7782 82/01/23       1300                    10

14 rows selected.

SQL> select DISTINCT job
  2  from emp;

JOB
------------------
CLERK
SALESMAN
PRESIDENT
MANAGER
ANALYST

SQL> select * from deptno;
select * from deptno
              *
ERROR at line 1:
ORA-00942: table or view does not exist


SQL> select * from location;
select * from location
              *
ERROR at line 1:
ORA-00942: table or view does not exist


SQL> select d.dname, e.ename, e.sal
  2  from emp e, dept d
  3  where e.deptno = d.deptno;

DNAME                        ENAME                       SAL
---------------------------- -------------------- ----------
RESEARCH                     SMITH                       800
SALES                        ALLEN                      1600
SALES                        WARD                       1250
RESEARCH                     JONES                      2975
SALES                        MARTIN                     1250
SALES                        BLAKE                      2850
ACCOUNTING                   CLARK                      2450
RESEARCH                     SCOTT                      3000
ACCOUNTING                   KING                       5000
SALES                        TURNER                     1500
RESEARCH                     ADAMS                      1100
SALES                        JAMES                       950
RESEARCH                     FORD                       3000
ACCOUNTING                   MILLER                     1300

14 rows selected.

SQL> select d.dname, e.ename, e.sal
  2  from emp e, dept d
  3  where e.deptno = d.deptno and sal>=3000;

DNAME                        ENAME                       SAL
---------------------------- -------------------- ----------
ACCOUNTING                   KING                       5000
RESEARCH                     FORD                       3000
RESEARCH                     SCOTT                      3000

SQL> select d.dname, count(e.empno)
  2  from emp e, dept d
  3  where e.deptno = d.deptno
  4  group by d.dname;

DNAME                        COUNT(E.EMPNO)
---------------------------- --------------
ACCOUNTING                                3
RESEARCH                                  5
SALES                                     6

SQL> select * from tab;

TNAME                                                        TABTYPE         CLUSTERID
------------------------------------------------------------ -------------- ----------
CUSTOMER                                                     TABLE
DEPT                                                         TABLE
EMP                                                          TABLE
FACTORY                                                      TABLE
LOCATIONS                                                    TABLE
PRODUCT                                                      TABLE
SALGRADE                                                     TABLE
STORE                                                        TABLE
TEST                                                         TABLE

9 rows selected.

SQL> select * from dept;

    DEPTNO DNAME                        LOC_
---------- ---------------------------- ----
        10 ACCOUNTING                   A1
        20 RESEARCH                     B1
        30 SALES                        C1
        40 OPERATIONS                   A1
        50 INSA

SQL> select * from emp;

     EMPNO ENAME                JOB                       MGR HIREDATE        SAL       COMM     DEPTNO
---------- -------------------- ------------------ ---------- -------- ---------- ---------- ----------
      7369 SMITH                CLERK                    7902 80/12/17        800                    20
      7499 ALLEN                SALESMAN                 7698 81/02/20       1600        300         30
      7521 WARD                 SALESMAN                 7698 81/02/22       1250        500         30
      7566 JONES                MANAGER                  7839 81/04/02       2975                    20
      7654 MARTIN               SALESMAN                 7698 81/09/28       1250       1400         30
      7698 BLAKE                MANAGER                  7839 81/05/01       2850                    30
      7782 CLARK                MANAGER                  7839 81/06/09       2450                    10
      7788 SCOTT                ANALYST                  7566 82/12/09       3000                    20
      7839 KING                 PRESIDENT                     81/11/17       5000                    10
      7844 TURNER               SALESMAN                 7698 81/09/08       1500          0         30
      7876 ADAMS                CLERK                    7788 83/01/12       1100                    20
      7900 JAMES                CLERK                    7698 81/12/03        950                    30
      7902 FORD                 ANALYST                  7566 81/12/03       3000                    20
      7934 MILLER               CLERK                    7782 82/01/23       1300                    10

14 rows selected.

SQL> desc dept
 Name                                                                                                                                                                          Null?    Type
 ----------------------------------------------------------------------------------------------------------------------------------------------------------------------------- -------- --------------------------------------------------------------------------------------------------------------------
 DEPTNO                                                                                                                                                                                 NUMBER(7,2)
 DNAME                                                                                                                                                                                  VARCHAR2(14)
 LOC_CODE                                                                                                                                                                               CHAR(2)

SQL> select e.empno, e.ename, e.sal, d.dname, d.loc_code
  2  from dept d, emp e
  3  where d.deptno = e.deptno
  4  ;

     EMPNO ENAME                       SAL DNAME                        LOC_
---------- -------------------- ---------- ---------------------------- ----
      7369 SMITH                       800 RESEARCH                     B1
      7499 ALLEN                      1600 SALES                        C1
      7521 WARD                       1250 SALES                        C1
      7566 JONES                      2975 RESEARCH                     B1
      7654 MARTIN                     1250 SALES                        C1
      7698 BLAKE                      2850 SALES                        C1
      7782 CLARK                      2450 ACCOUNTING                   A1
      7788 SCOTT                      3000 RESEARCH                     B1
      7839 KING                       5000 ACCOUNTING                   A1
      7844 TURNER                     1500 SALES                        C1
      7876 ADAMS                      1100 RESEARCH                     B1
      7900 JAMES                       950 SALES                        C1
      7902 FORD                       3000 RESEARCH                     B1
      7934 MILLER                     1300 ACCOUNTING                   A1

14 rows selected.

SQL> select e.empno, e.ename, e.sal, d.dname, d.loc_code
  2  from dept d, emp e
  3  ;

     EMPNO ENAME                       SAL DNAME                        LOC_
---------- -------------------- ---------- ---------------------------- ----
      7369 SMITH                       800 ACCOUNTING                   A1
      7499 ALLEN                      1600 ACCOUNTING                   A1
      7521 WARD                       1250 ACCOUNTING                   A1
      7566 JONES                      2975 ACCOUNTING                   A1
      7654 MARTIN                     1250 ACCOUNTING                   A1
      7698 BLAKE                      2850 ACCOUNTING                   A1
      7782 CLARK                      2450 ACCOUNTING                   A1
      7788 SCOTT                      3000 ACCOUNTING                   A1
      7839 KING                       5000 ACCOUNTING                   A1
      7844 TURNER                     1500 ACCOUNTING                   A1
      7876 ADAMS                      1100 ACCOUNTING                   A1
      7900 JAMES                       950 ACCOUNTING                   A1
      7902 FORD                       3000 ACCOUNTING                   A1
      7934 MILLER                     1300 ACCOUNTING                   A1
      7369 SMITH                       800 RESEARCH                     B1
      7499 ALLEN                      1600 RESEARCH                     B1
      7521 WARD                       1250 RESEARCH                     B1
      7566 JONES                      2975 RESEARCH                     B1
      7654 MARTIN                     1250 RESEARCH                     B1
      7698 BLAKE                      2850 RESEARCH                     B1
      7782 CLARK                      2450 RESEARCH                     B1
      7788 SCOTT                      3000 RESEARCH                     B1
      7839 KING                       5000 RESEARCH                     B1
      7844 TURNER                     1500 RESEARCH                     B1
      7876 ADAMS                      1100 RESEARCH                     B1
      7900 JAMES                       950 RESEARCH                     B1
      7902 FORD                       3000 RESEARCH                     B1
      7934 MILLER                     1300 RESEARCH                     B1
      7369 SMITH                       800 SALES                        C1
      7499 ALLEN                      1600 SALES                        C1
      7521 WARD                       1250 SALES                        C1
      7566 JONES                      2975 SALES                        C1
      7654 MARTIN                     1250 SALES                        C1
      7698 BLAKE                      2850 SALES                        C1
      7782 CLARK                      2450 SALES                        C1
      7788 SCOTT                      3000 SALES                        C1
      7839 KING                       5000 SALES                        C1
      7844 TURNER                     1500 SALES                        C1
      7876 ADAMS                      1100 SALES                        C1
      7900 JAMES                       950 SALES                        C1
      7902 FORD                       3000 SALES                        C1
      7934 MILLER                     1300 SALES                        C1
      7369 SMITH                       800 OPERATIONS                   A1
      7499 ALLEN                      1600 OPERATIONS                   A1
      7521 WARD                       1250 OPERATIONS                   A1
      7566 JONES                      2975 OPERATIONS                   A1
      7654 MARTIN                     1250 OPERATIONS                   A1
      7698 BLAKE                      2850 OPERATIONS                   A1
      7782 CLARK                      2450 OPERATIONS                   A1
      7788 SCOTT                      3000 OPERATIONS                   A1
      7839 KING                       5000 OPERATIONS                   A1
      7844 TURNER                     1500 OPERATIONS                   A1
      7876 ADAMS                      1100 OPERATIONS                   A1
      7900 JAMES                       950 OPERATIONS                   A1
      7902 FORD                       3000 OPERATIONS                   A1
      7934 MILLER                     1300 OPERATIONS                   A1
      7369 SMITH                       800 INSA
      7499 ALLEN                      1600 INSA
      7521 WARD                       1250 INSA
      7566 JONES                      2975 INSA
      7654 MARTIN                     1250 INSA
      7698 BLAKE                      2850 INSA
      7782 CLARK                      2450 INSA
      7788 SCOTT                      3000 INSA
      7839 KING                       5000 INSA
      7844 TURNER                     1500 INSA
      7876 ADAMS                      1100 INSA
      7900 JAMES                       950 INSA
      7902 FORD                       3000 INSA
      7934 MILLER                     1300 INSA

70 rows selected.

SQL> select e.empno, e.ename, e.sal, d.dname, d.loc_code, e.job
  2  from dept d, emp e
  3  where d.deptno = e.deptno
  4  group by e.job;
select e.empno, e.ename, e.sal, d.dname, d.loc_code, e.job
       *
ERROR at line 1:
ORA-00979: not a GROUP BY expression


SQL> select e.empno, e.ename, e.sal, d.dname, d.loc_code, e.job
  2  from dept d, emp e
  3  where d.deptno = e.deptno;

     EMPNO ENAME                       SAL DNAME                        LOC_ JOB
---------- -------------------- ---------- ---------------------------- ---- ------------------
      7369 SMITH                       800 RESEARCH                     B1   CLERK
      7499 ALLEN                      1600 SALES                        C1   SALESMAN
      7521 WARD                       1250 SALES                        C1   SALESMAN
      7566 JONES                      2975 RESEARCH                     B1   MANAGER
      7654 MARTIN                     1250 SALES                        C1   SALESMAN
      7698 BLAKE                      2850 SALES                        C1   MANAGER
      7782 CLARK                      2450 ACCOUNTING                   A1   MANAGER
      7788 SCOTT                      3000 RESEARCH                     B1   ANALYST
      7839 KING                       5000 ACCOUNTING                   A1   PRESIDENT
      7844 TURNER                     1500 SALES                        C1   SALESMAN
      7876 ADAMS                      1100 RESEARCH                     B1   CLERK
      7900 JAMES                       950 SALES                        C1   CLERK
      7902 FORD                       3000 RESEARCH                     B1   ANALYST
      7934 MILLER                     1300 ACCOUNTING                   A1   CLERK

14 rows selected.

SQL> select select e.empno, e.ename, e.sal, d.dname, d.loc_code
  2  from dept d, emp e
  3  where d.deptno = e.deptno;
select select e.empno, e.ename, e.sal, d.dname, d.loc_code
       *
ERROR at line 1:
ORA-00936: missing expression


SQL> select e.empno, e.ename, e.sal, d.dname, d.loc_code
  2  from dept d, emp e
  3  where d.deptno = e.deptno and d.deptno = 30;

     EMPNO ENAME                       SAL DNAME                        LOC_
---------- -------------------- ---------- ---------------------------- ----
      7499 ALLEN                      1600 SALES                        C1
      7521 WARD                       1250 SALES                        C1
      7654 MARTIN                     1250 SALES                        C1
      7698 BLAKE                      2850 SALES                        C1
      7844 TURNER                     1500 SALES                        C1
      7900 JAMES                       950 SALES                        C1

6 rows selected.

SQL> desc locations
 Name                                                                                                                                                                          Null?    Type
 ----------------------------------------------------------------------------------------------------------------------------------------------------------------------------- -------- --------------------------------------------------------------------------------------------------------------------
 LOC_CODE                                                                                                                                                                               CHAR(2)
 CITY                                                                                                                                                                                   VARCHAR2(12)

SQL> select * from city;
select * from city
              *
ERROR at line 1:
ORA-00942: table or view does not exist


SQL> select * from locations
  2  ;

LOC_ CITY
---- ------------------------
A1   SEOUL
B1   DALLAS
C1   CHICAGO
D1   BOSTON

SQL> select e.ename, d.dname, e.sal, L.city
  2  from dept d, emp e, locations L
  3  where d.deptno = e.deptno and L.loc_cde = d.loc_code;
where d.deptno = e.deptno and L.loc_cde = d.loc_code
                              *
ERROR at line 3:
ORA-00904: "L"."LOC_CDE": invalid identifier


SQL> select e.ename, d.dname, e.sal, l.citye
  2  ;

*
ERROR at line 2:
ORA-00923: FROM keyword not found where expected


SQL> select e.ename, d.dname, e.sal, l.city
  2  from dept d, emp e, locations l
  3  where d.deptno = e.deptno and l.loc_cde = d.loc_code;
where d.deptno = e.deptno and l.loc_cde = d.loc_code
                              *
ERROR at line 3:
ORA-00904: "L"."LOC_CDE": invalid identifier


SQL> select e.empno, e.ename, emsal, d.dname, d.loc_code
  2  from emp e,dept d
  3  where e.deptno = d.deptno and e.job = 'SALESMAN';
select e.empno, e.ename, emsal, d.dname, d.loc_code
                         *
ERROR at line 1:
ORA-00904: "EMSAL": invalid identifier


SQL> select e.empno, e.ename, e.sal, d.dname, d.loc_code
  2  from emp e,dept d
  3  where e.deptno = d.deptno and e.job = 'SALESMAN';

     EMPNO ENAME                       SAL DNAME                        LOC_
---------- -------------------- ---------- ---------------------------- ----
      7844 TURNER                     1500 SALES                        C1
      7654 MARTIN                     1250 SALES                        C1
      7521 WARD                       1250 SALES                        C1
      7499 ALLEN                      1600 SALES                        C1

SQL> select e.ename, d.dname, e.sal, l.city
  2  from emp e, dept d, locations l
  3  where e.deptno = d.deptno and d.loc_code = l.loc_code;

ENAME                DNAME                               SAL CITY
-------------------- ---------------------------- ---------- ------------------------
SMITH                RESEARCH                            800 DALLAS
ALLEN                SALES                              1600 CHICAGO
WARD                 SALES                              1250 CHICAGO
JONES                RESEARCH                           2975 DALLAS
MARTIN               SALES                              1250 CHICAGO
BLAKE                SALES                              2850 CHICAGO
CLARK                ACCOUNTING                         2450 SEOUL
SCOTT                RESEARCH                           3000 DALLAS
KING                 ACCOUNTING                         5000 SEOUL
TURNER               SALES                              1500 CHICAGO
ADAMS                RESEARCH                           1100 DALLAS
JAMES                SALES                               950 CHICAGO
FORD                 RESEARCH                           3000 DALLAS
MILLER               ACCOUNTING                         1300 SEOUL

14 rows selected.

SQL> select e.ename, e.sal, e.job, e.hiredate, e. comm
  2  from emp e, dept d, locations l
  3  where e.deptno = d.deptno and d.loc_code = l.cod_code and e.sal>=1500 and l.city='DALLAS';
where e.deptno = d.deptno and d.loc_code = l.cod_code and e.sal>=1500 and l.city='DALLAS'
                                           *
ERROR at line 3:
ORA-00904: "L"."COD_CODE": invalid identifier


SQL> select e.ename, e.sal, e.job, e.hiredate, e. comm
  2  from emp e, dept d, locations l
  3  where e.deptno = d.deptno and d.loc_code = l.loc_code and e.sal>=1500 and l.city='DALLAS'
  4  ;

ENAME                       SAL JOB                HIREDATE       COMM
-------------------- ---------- ------------------ -------- ----------
FORD                       3000 ANALYST            81/12/03
SCOTT                      3000 ANALYST            82/12/09
JONES                      2975 MANAGER            81/04/02

SQL> conn hr/hr
Connected.
SQL> select * from tab;

TNAME                                                        TABTYPE         CLUSTERID
------------------------------------------------------------ -------------- ----------
COUNTRIES                                                    TABLE
DEPARTMENTS                                                  TABLE
EMPLOYEES                                                    TABLE
EMP_DETAILS_VIEW                                             VIEW
JOBS                                                         TABLE
JOB_HISTORY                                                  TABLE
LOCATIONS                                                    TABLE
REGIONS                                                      TABLE

8 rows selected.

SQL> select d.department_name, count(e.employee_id)
  2  from departmens d, employees e
  3  ;
from departmens d, employees e
     *
ERROR at line 2:
ORA-00942: table or view does not exist


SQL> select d.department_name, count(e.employee_id)
  2  from departments d, employees e;
select d.department_name, count(e.employee_id)
       *
ERROR at line 1:
ORA-00937: not a single-group group function


SQL> select d.department_name, count(e.employee_id)
  2  from departments d, employees e
  3  where d.department_id = e.department_id
  4  gruop by d.departmant_name;
gruop by d.departmant_name
*
ERROR at line 4:
ORA-00933: SQL command not properly ended


SQL> select d.department_name, count(e.employee_id)
  2  from departments d, employees e
  3  where d.department_id = e.department_id;
select d.department_name, count(e.employee_id)
       *
ERROR at line 1:
ORA-00937: not a single-group group function


SQL> select d.department_name, count(e.employee_id)
  2  from departments d, employees e
  3  where d.department_id = e.department_id
  4  group by d.department_name;

DEPARTMENT_NAME                                              COUNT(E.EMPLOYEE_ID)
------------------------------------------------------------ --------------------
Administration                                                                  1
Accounting                                                                      2
Purchasing                                                                      6
Human Resources                                                                 1
IT                                                                              5
Public Relations                                                                1
Executive                                                                       3
Shipping                                                                       45
Sales                                                                          34
Finance                                                                         6
Marketing                                                                       2

11 rows selected.

SQL> select e.first_name || e.last_name || e.salary
  2  from ;
from
    *
ERROR at line 2:
ORA-00903: invalid table name


SQL> select * from departments;

DEPARTMENT_ID DEPARTMENT_NAME                                              MANAGER_ID LOCATION_ID
------------- ------------------------------------------------------------ ---------- -----------
           10 Administration                                                      200        1700
           20 Marketing                                                           201        1800
           30 Purchasing                                                          114        1700
           40 Human Resources                                                     203        2400
           50 Shipping                                                            121        1500
           60 IT                                                                  103        1400
           70 Public Relations                                                    204        2700
           80 Sales                                                               145        2500
           90 Executive                                                           100        1700
          100 Finance                                                             108        1700
          110 Accounting                                                          205        1700
          120 Treasury                                                                       1700
          130 Corporate Tax                                                                  1700
          140 Control And Credit                                                             1700
          150 Shareholder Services                                                           1700
          160 Benefits                                                                       1700
          170 Manufacturing                                                                  1700
          180 Construction                                                                   1700
          190 Contracting                                                                    1700
          200 Operations                                                                     1700
          210 IT Support                                                                     1700
          220 NOC                                                                            1700
          230 IT Helpdesk                                                                    1700
          240 Government Sales                                                               1700
          250 Retail Sales                                                                   1700
          260 Recruiting                                                                     1700
          270 Payroll                                                                        1700

27 rows selected.

SQL> select e.first_name || e.last_name || e.salary
  2  from ;
from
    *
ERROR at line 2:
ORA-00903: invalid table name


SQL> select e.first_name || e.last_name || '의 연봉은 ' || e.salary || '입니다'
  2  from departments d, employees e
  3  where d.department_id = e.department_id and d.department_name = 'IT';

E.FIRST_NAME||E.LAST_NAME||'의연봉은'||E.SALARY||'입니다'
------------------------------------------------------------------------------------------------------------------------------------------------------------------------------------------------------------------------
AlexanderHunold의 연봉은 9000입니다
BruceErnst의 연봉은 6000입니다
DavidAustin의 연봉은 4800입니다
ValliPataballa의 연봉은 4800입니다
DianaLorentz의 연봉은 4200입니다

SQL> select e.first_name || e.last_name || '의 연봉은 ' || e.salary || '입니다'
  2  from departments d, employees e
  3  where d.department_id = e.department_id and d.department_name = 'IT'
  4  order by desc;
order by desc
            *
ERROR at line 4:
ORA-00936: missing expression


SQL> select e.first_name || e.last_name || '의 연봉은 ' || e.salary || '입니다'
  2  from departments d, employees e
  3  where d.department_id = e.department_id and d.department_name = 'IT'
  4  order by e.salary;

E.FIRST_NAME||E.LAST_NAME||'의연봉은'||E.SALARY||'입니다'
------------------------------------------------------------------------------------------------------------------------------------------------------------------------------------------------------------------------
DianaLorentz의 연봉은 4200입니다
DavidAustin의 연봉은 4800입니다
ValliPataballa의 연봉은 4800입니다
BruceErnst의 연봉은 6000입니다
AlexanderHunold의 연봉은 9000입니다

SQL> select e.employee_id, e.first_name, j.job_tile, d.department_name
  2  from employees e, department d, jobs j
  3  where e.job_id = j.job_id and d.department_id = e.department_id and l.city = 'Seattle';
from employees e, department d, jobs j
                  *
ERROR at line 2:
ORA-00942: table or view does not exist


SQL> select e.employee_id, e.first_name, j.job_tile, d.department_name
  2  from employees e, departments d, jobs j, locations l
  3  where e.job_id = j.job_id and d.department_id = e.department_id and l.city = 'Seattle';
select e.employee_id, e.first_name, j.job_tile, d.department_name
                                    *
ERROR at line 1:
ORA-00904: "J"."JOB_TILE": invalid identifier


SQL> select e.employee_id, e.first_name, j.job_title, d.department_name
  2  from employees e, departments d, jobs j, locations l
  3  where e.job_id = j.job_id and d.department_id = e.department_id and l.city = 'Seattle';

EMPLOYEE_ID FIRST_NAME                               JOB_TITLE                                                              DEPARTMENT_NAME
----------- ---------------------------------------- ---------------------------------------------------------------------- ------------------------------------------------------------
        200 Jennifer                                 Administration Assistant                                               Administration
        202 Pat                                      Marketing Representative                                               Marketing
        201 Michael                                  Marketing Manager                                                      Marketing
        114 Den                                      Purchasing Manager                                                     Purchasing
        119 Karen                                    Purchasing Clerk                                                       Purchasing
        118 Guy                                      Purchasing Clerk                                                       Purchasing
        117 Sigal                                    Purchasing Clerk                                                       Purchasing
        115 Alexander                                Purchasing Clerk                                                       Purchasing
        116 Shelli                                   Purchasing Clerk                                                       Purchasing
        203 Susan                                    Human Resources Representative                                         Human Resources
        120 Matthew                                  Stock Manager                                                          Shipping
        121 Adam                                     Stock Manager                                                          Shipping
        122 Payam                                    Stock Manager                                                          Shipping
        123 Shanta                                   Stock Manager                                                          Shipping
        124 Kevin                                    Stock Manager                                                          Shipping
        139 John                                     Stock Clerk                                                            Shipping
        138 Stephen                                  Stock Clerk                                                            Shipping
        137 Renske                                   Stock Clerk                                                            Shipping
        136 Hazel                                    Stock Clerk                                                            Shipping
        135 Ki                                       Stock Clerk                                                            Shipping
        134 Michael                                  Stock Clerk                                                            Shipping
        133 Jason                                    Stock Clerk                                                            Shipping
        144 Peter                                    Stock Clerk                                                            Shipping
        131 James                                    Stock Clerk                                                            Shipping
        130 Mozhe                                    Stock Clerk                                                            Shipping
        129 Laura                                    Stock Clerk                                                            Shipping
        128 Steven                                   Stock Clerk                                                            Shipping
        127 James                                    Stock Clerk                                                            Shipping
        126 Irene                                    Stock Clerk                                                            Shipping
        125 Julia                                    Stock Clerk                                                            Shipping
        140 Joshua                                   Stock Clerk                                                            Shipping
        141 Trenna                                   Stock Clerk                                                            Shipping
        142 Curtis                                   Stock Clerk                                                            Shipping
        143 Randall                                  Stock Clerk                                                            Shipping
        132 TJ                                       Stock Clerk                                                            Shipping
        183 Girard                                   Shipping Clerk                                                         Shipping
        182 Martha                                   Shipping Clerk                                                         Shipping
        181 Jean                                     Shipping Clerk                                                         Shipping
        180 Winston                                  Shipping Clerk                                                         Shipping
        199 Douglas                                  Shipping Clerk                                                         Shipping
        198 Donald                                   Shipping Clerk                                                         Shipping
        197 Kevin                                    Shipping Clerk                                                         Shipping
        196 Alana                                    Shipping Clerk                                                         Shipping
        195 Vance                                    Shipping Clerk                                                         Shipping
        194 Samuel                                   Shipping Clerk                                                         Shipping
        193 Britney                                  Shipping Clerk                                                         Shipping
        192 Sarah                                    Shipping Clerk                                                         Shipping
        191 Randall                                  Shipping Clerk                                                         Shipping
        190 Timothy                                  Shipping Clerk                                                         Shipping
        189 Jennifer                                 Shipping Clerk                                                         Shipping
        188 Kelly                                    Shipping Clerk                                                         Shipping
        187 Anthony                                  Shipping Clerk                                                         Shipping
        186 Julia                                    Shipping Clerk                                                         Shipping
        185 Alexis                                   Shipping Clerk                                                         Shipping
        184 Nandita                                  Shipping Clerk                                                         Shipping
        105 David                                    Programmer                                                             IT
        106 Valli                                    Programmer                                                             IT
        107 Diana                                    Programmer                                                             IT
        104 Bruce                                    Programmer                                                             IT
        103 Alexander                                Programmer                                                             IT
        204 Hermann                                  Public Relations Representative                                        Public Relations
        162 Clara                                    Sales Representative                                                   Sales
        150 Peter                                    Sales Representative                                                   Sales
        151 David                                    Sales Representative                                                   Sales
        152 Peter                                    Sales Representative                                                   Sales
        153 Christopher                              Sales Representative                                                   Sales
        154 Nanette                                  Sales Representative                                                   Sales
        177 Jack                                     Sales Representative                                                   Sales
        176 Jonathon                                 Sales Representative                                                   Sales
        175 Alyssa                                   Sales Representative                                                   Sales
        174 Ellen                                    Sales Representative                                                   Sales
        173 Sundita                                  Sales Representative                                                   Sales
        172 Elizabeth                                Sales Representative                                                   Sales
        171 William                                  Sales Representative                                                   Sales
        170 Tayler                                   Sales Representative                                                   Sales
        169 Harrison                                 Sales Representative                                                   Sales
        168 Lisa                                     Sales Representative                                                   Sales
        167 Amit                                     Sales Representative                                                   Sales
        166 Sundar                                   Sales Representative                                                   Sales
        165 David                                    Sales Representative                                                   Sales
        164 Mattea                                   Sales Representative                                                   Sales
        163 Danielle                                 Sales Representative                                                   Sales
        179 Charles                                  Sales Representative                                                   Sales
        161 Sarath                                   Sales Representative                                                   Sales
        160 Louise                                   Sales Representative                                                   Sales
        159 Lindsey                                  Sales Representative                                                   Sales
        158 Allan                                    Sales Representative                                                   Sales
        157 Patrick                                  Sales Representative                                                   Sales
        156 Janette                                  Sales Representative                                                   Sales
        155 Oliver                                   Sales Representative                                                   Sales
        149 Eleni                                    Sales Manager                                                          Sales
        145 John                                     Sales Manager                                                          Sales
        146 Karen                                    Sales Manager                                                          Sales
        147 Alberto                                  Sales Manager                                                          Sales
        148 Gerald                                   Sales Manager                                                          Sales
        101 Neena                                    Administration Vice President                                          Executive
        102 Lex                                      Administration Vice President                                          Executive
        100 Steven                                   President                                                              Executive
        108 Nancy                                    Finance Manager                                                        Finance
        112 Jose Manuel                              Accountant                                                             Finance
        111 Ismael                                   Accountant                                                             Finance
        113 Luis                                     Accountant                                                             Finance
        109 Daniel                                   Accountant                                                             Finance
        110 John                                     Accountant                                                             Finance
        205 Shelley                                  Accounting Manager                                                     Accounting
        206 William                                  Public Accountant                                                      Accounting

106 rows selected.

SQL> select e.employee_id, e.first_name, j.job_title, d.department_name
  2  from employees e, departments d, jobs j, locations l
  3  where e.job_id = j.job_id and d.department_id = e.department_id  d,location_id = l.location_id and l.city = 'Seattle';
where e.job_id = j.job_id and d.department_id = e.department_id  d,location_id = l.location_id and l.city = 'Seattle'
                                                                 *
ERROR at line 3:
ORA-00933: SQL command not properly ended


SQL> select e.employee_id, e.first_name, j.job_title, d.department_name
  2  from employees e, departments d, jobs j, locations l
  3  where e.job_id = j.job_id and d.department_id = e.department_id and d,location_id = l.location_id and l.city = 'Seattle'
  4  ;
where e.job_id = j.job_id and d.department_id = e.department_id and d,location_id = l.location_id and l.city = 'Seattle'
                                                                     *
ERROR at line 3:
ORA-00920: invalid relational operator


SQL> select e.employee_id, e.first_name, j.job_title, d.department_name
  2  from employees e, departments d, jobs j, locations l
  3  where e.job_id = j.job_id and d.department_id = e.department_id and d.location_id = l.location_id and l.city = 'Seattle';

EMPLOYEE_ID FIRST_NAME                               JOB_TITLE                                                              DEPARTMENT_NAME
----------- ---------------------------------------- ---------------------------------------------------------------------- ------------------------------------------------------------
        100 Steven                                   President                                                              Executive
        102 Lex                                      Administration Vice President                                          Executive
        101 Neena                                    Administration Vice President                                          Executive
        200 Jennifer                                 Administration Assistant                                               Administration
        108 Nancy                                    Finance Manager                                                        Finance
        113 Luis                                     Accountant                                                             Finance
        112 Jose Manuel                              Accountant                                                             Finance
        111 Ismael                                   Accountant                                                             Finance
        110 John                                     Accountant                                                             Finance
        109 Daniel                                   Accountant                                                             Finance
        205 Shelley                                  Accounting Manager                                                     Accounting
        206 William                                  Public Accountant                                                      Accounting
        114 Den                                      Purchasing Manager                                                     Purchasing
        119 Karen                                    Purchasing Clerk                                                       Purchasing
        118 Guy                                      Purchasing Clerk                                                       Purchasing
        117 Sigal                                    Purchasing Clerk                                                       Purchasing
        116 Shelli                                   Purchasing Clerk                                                       Purchasing
        115 Alexander                                Purchasing Clerk                                                       Purchasing

18 rows selected.

SQL> select e.first_name || e.last_name || '의 연봉은 ' || e.salary || '입니다' 결과
  2  from departments d, employees e
  3  where d.department_id = e.department_id and d.department_name = 'IT'
  4  order by e.salary;

결과
------------------------------------------------------------------------------------------------------------------------------------------------------------------------------------------------------------------------
DianaLorentz의 연봉은 4200입니다
DavidAustin의 연봉은 4800입니다
ValliPataballa의 연봉은 4800입니다
BruceErnst의 연봉은 6000입니다
AlexanderHunold의 연봉은 9000입니다

SQL> select j.job_title, count(e.salary)
  2  from ;
from
    *
ERROR at line 2:
ORA-00903: invalid table name


SQL> select j.job_title, sum(e.salary) 급여
  2  from jobs j, employees e
  3  where j.job_id = e.job_id and j.job_title is not 'Representative'
  4  group by job_title;
where j.job_id = e.job_id and j.job_title is not 'Representative'
                                                   *
ERROR at line 3:
ORA-00908: missing NULL keyword


SQL> select j.job_title JOB, sum(e.salary) 급여
  2  from jobs j, employees e
  3  where j.job_id = e.job_id and j.job_title not like '%Representative'
  4  group by job_title;

JOB                                                                          급여
---------------------------------------------------------------------- ----------
Accounting Manager                                                          12008
Programmer                                                                  28800
Purchasing Clerk                                                            13900
Administration Vice President                                               34000
Stock Manager                                                               36400
Administration Assistant                                                     4400
President                                                                   24000
Finance Manager                                                             12008
Purchasing Manager                                                          11000
Accountant                                                                  39600
Shipping Clerk                                                              64300
Stock Clerk                                                                 55700
Public Accountant                                                            8300
Marketing Manager                                                           13000
Sales Manager                                                               61000

15 rows selected.

SQL> select j.job_title JOB, sum(e.salary) 급여
  2  from jobs j, employees e
  3  where j.job_id = e.job_id and j.job_title not like '%Representative'
  4  group by job_title
  5  having sum(e.salary)>30000;

JOB                                                                          급여
---------------------------------------------------------------------- ----------
Administration Vice President                                               34000
Stock Manager                                                               36400
Accountant                                                                  39600
Shipping Clerk                                                              64300
Stock Clerk                                                                 55700
Sales Manager                                                               61000

6 rows selected.

SQL> select d.department_id 부서명, count(e.hire_date) 인원수
  2  from departments d, employees e
  3  where d.department_id = e.department_id and e.hire_date < '2015%'
  4  group by d.department;
group by d.department
               *
ERROR at line 4:
ORA-00904: "D"."DEPARTMENT": invalid identifier


SQL> select floor(125.8) from dual;

FLOOR(125.8)
------------
         125

SQL> select trunc(125.8,0) from dual;

TRUNC(125.8,0)
--------------
           125

SQL> select ceil(125.2) from dual;

CEIL(125.2)
-----------
        126

SQL> select d.department_id 부서명, count(e.hire_date) 인원수
  2  from departments d, employees e
  3  where d.department_id = e.department_id and e.hire_date < '2015%'
  4  group by d.department_id;
where d.department_id = e.department_id and e.hire_date < '2015%'
                                                                *
ERROR at line 3:
ORA-01861: literal does not match format string


SQL> select d.department_id 부서명, count(e.hire_date) 인원수
  2  from departments d, employees e
  3  where d.department_id = e.department_id and e.hire_date < '2015%'
  4  group by d.department;
group by d.department
               *
ERROR at line 4:
ORA-00904: "D"."DEPARTMENT": invalid identifier


SQL> select d.department_id 부서명, count(e.hire_date) 인원수
  2  from departments d, employees e
  3  where d.department_id = e.department_id and e.hire_date < '2005/1/1'
  4  group by d.department;
group by d.department
               *
ERROR at line 4:
ORA-00904: "D"."DEPARTMENT": invalid identifier


SQL> select d.department_id 부서명, count(e.hire_date) 인원수
  2  from departments d, employees e
  3  where d.department_id = e.department_id and e.hire_date < '2005/1/1'
  4  group by d.department_id;

    부서명     인원수
---------- ----------
       100          2
        30          2
        90          2
        20          1
        70          1
       110          2
        50          7
        80          5
        40          1
        10          1

10 rows selected.

SQL> select d.department_name 부서명, count(e.hire_date) 인원수
  2  from departments d, employees e
  3  where d.department_id = e.department_id and e.hire_date < '2005/1/1'
  4  group by d.department_name;

부서명                                                           인원수
------------------------------------------------------------ ----------
Administration                                                        1
Accounting                                                            2
Purchasing                                                            2
Human Resources                                                       1
Public Relations                                                      1
Executive                                                             2
Shipping                                                              7
Sales                                                                 5
Finance                                                               2
Marketing                                                             1

10 rows selected.

SQL> select d.department_id 부서번호, d.department_name 부서명, count(d.department_id), j.max_salary 최고급여, j.min_salary 최저급여,
  2  floor(avg(e.salary)) 평균급여, sum(e.salary) 급여총액
  3  from departments d, jobs j
  4  where d.job_id = j.job_id
  5  group by d.department_name
  6  having count(d.department_id)>=3;
group by d.department_name
   *
ERROR at line 5:
ORA-00904: "D"."JOB_ID": invalid identifier


SQL> select d.department_id 부서번호, d.department_name 부서명, count(d.department_id), j.max_salary 최고급여, j.min_salary 최저급여,
  2  floor(avg(e.salary)) 평균급여, sum(e.salary) 급여총액
  3  from departments d, jobs j
  4  where d.job_id = j.job_id
  5  group by d.department_id, d.department_name, j.max_salary, j.min_salary
  6  having count(d.department_id)>=3;
group by d.department_id, d.department_name, j.max_salary, j.min_salary
   *
ERROR at line 5:
ORA-00904: "D"."JOB_ID": invalid identifier


SQL> select d.department_id 부서번호, d.department_name 부서명, count(d.department_id), j.max_salary 최고급여, j.min_salary 최저급여,
  2  floor(avg(e.salary)) 평균급여, sum(e.salary) 급여총액
  3  from departments d, jobs j
  4  where d.department_id = j.department_id
  5  group by d.department_name
  6  having count(d.department_id)>=3;
group by d.department_name
       *
ERROR at line 5:
ORA-00904: "J"."DEPARTMENT_ID": invalid identifier


SQL> select d.department_id 부서번호, d.department_name 부서명, count(d.department_id), j.max_salary 최고급여, j.min_salary 최저급여,
  2  floor(avg(e.salary)) 평균급여, sum(e.salary) 급여총액
  3  from departments d, jobs j, employees e
  4  where d.department_id = e.department_id and j.job_id = e.job_id
  5  group by d.department_name
  6  having count(d.department_id)>=3;
select d.department_id 부서번호, d.department_name 부서명, count(d.department_id), j.max_salary 최고급여, j.min_salary 최저급여,
       *
ERROR at line 1:
ORA-00979: not a GROUP BY expression


SQL> select d.department_id 부서번호, d.department_name 부서명, count(d.department_id), j.max_salary 최고급여, j.min_salary 최저급여,
  2  floor(avg(e.salary)) 평균급여, sum(e.salary) 급여총액
  3  from departments d, jobs j, employees e
  4  where d.department_id = e.department_id and j.job_id = e.job_id
  5  group by d.department_id, d.department_name
  6  having count(d.department_id)>=3;
select d.department_id 부서번호, d.department_name 부서명, count(d.department_id), j.max_salary 최고급여, j.min_salary 최저급여,
                                                                                          *
ERROR at line 1:
ORA-00979: not a GROUP BY expression


SQL> select d.department_id 부서번호, d.department_name 부서명, count(d.department_id), max(e.salary) 최고급여, min(e.salary) 최저급여,
  2  floor(avg(e.salary)) 평균급여, sum(e.salary) 급여총액
  3  from departments d, jobs j, employees e
  4  where d.department_id = e.department_id
  5  group by d.department_id, d.department_name
  6  having count(d.department_id)>=3;

  부서번호 부서명                                                       COUNT(D.DEPARTMENT_ID)   최고급여   최저급여   평균급여   급여총액
---------- ------------------------------------------------------------ ---------------------- ---------- ---------- ---------- ----------
       100 Finance                                                                         114      12008       6900       8601     980552
        50 Shipping                                                                        855       8200       2100       3475    2971600
        70 Public Relations                                                                 19      10000      10000      10000     190000
        30 Purchasing                                                                      114      11000       2500       4150     473100
        90 Executive                                                                        57      24000      17000      19333    1102000
        10 Administration                                                                   19       4400       4400       4400      83600
       110 Accounting                                                                       38      12008       8300      10154     385852
        40 Human Resources                                                                  19       6500       6500       6500     123500
        20 Marketing                                                                        38      13000       6000       9500     361000
        60 IT                                                                               95       9000       4200       5760     547200
        80 Sales                                                                           646      14000       6100       8955    5785500

11 rows selected.

SQL> select d.department_id 부서번호, d.department_name 부서명, count(d.department_id) 인원수, max(e.salary) 최고급여, min(e.salary) 최저급여,
  2  floor(avg(e.salary)) 평균급여, sum(e.salary) 급여총액;
floor(avg(e.salary)) 평균급여, sum(e.salary) 급여총액
                                                     *
ERROR at line 2:
ORA-00923: FROM keyword not found where expected


SQL> select d.department_id 부서번호, d.department_name 부서명, count(e.employee_id), max(e.salary) 최고급여, min(e.salary) 최저급여,
  2  floor(avg(e.salary)) 평균급여, sum(e.salary) 급여총액
  3  from departments d, employees e
  4  where d.department_id = e.department_id
  5  group by d.department_id, d.department_name
  6  having count(d.department_id)>=3;

  부서번호 부서명                                                       COUNT(E.EMPLOYEE_ID)   최고급여   최저급여   평균급여   급여총액
---------- ------------------------------------------------------------ -------------------- ---------- ---------- ---------- ----------
       100 Finance                                                                         6      12008       6900       8601      51608
        50 Shipping                                                                       45       8200       2100       3475     156400
        30 Purchasing                                                                      6      11000       2500       4150      24900
        90 Executive                                                                       3      24000      17000      19333      58000
        60 IT                                                                              5       9000       4200       5760      28800
        80 Sales                                                                          34      14000       6100       8955     304500

6 rows selected.

SQL> select d.department_id 부서번호, d.department_name 부서명, count(e.employee_id), max(e.salary) 최고급여, min(e.salary) 최저급여,
  2  floor(avg(e.salary)) 평균급여, sum(e.salary) 급여총액
  3  from departments d, employees e
  4  where d.department_id = e.department_id
  5  group by d.department_id, d.department_name
  6  having count(d.department_id)>=3
  7  order by 인원수 desc;
order by 인원수 desc
                   *
ERROR at line 7:
ORA-00904: "인원수": invalid identifier


SQL> select d.department_id 부서번호, d.department_name 부서명, count(e.employee_id) 인원수, max(e.salary) 최고급여, min(e.salary) 최저급여,
  2  floor(avg(e.salary)) 평균급여, sum(e.salary) 급여총액
  3  from departments d, employees e
  4  where d.department_id = e.department_id
  5  group by d.department_id, d.department_name
  6  having count(d.department_id)>=3
  7  order by 인원수 desc;

  부서번호 부서명                                                           인원수   최고급여   최저급여   평균급여   급여총액
---------- ------------------------------------------------------------ ---------- ---------- ---------- ---------- ----------
        50 Shipping                                                             45       8200       2100       3475     156400
        80 Sales                                                                34      14000       6100       8955     304500
       100 Finance                                                               6      12008       6900       8601      51608
        30 Purchasing                                                            6      11000       2500       4150      24900
        60 IT                                                                    5       9000       4200       5760      28800
        90 Executive                                                             3      24000      17000      19333      58000

6 rows selected.

SQL>
SQL>conn scott/tiger
Connected.
SQL> desc emp
 Name                                                                                                                                                                          Null?    Type
 ----------------------------------------------------------------------------------------------------------------------------------------------------------------------------- -------- --------------------------------------------------------------------------------------------------------------------
 EMPNO                                                                                                                                                                         NOT NULL NUMBER(4)
 ENAME                                                                                                                                                                                  VARCHAR2(10)
 JOB                                                                                                                                                                                    VARCHAR2(9)
 MGR                                                                                                                                                                                    NUMBER(4)
 HIREDATE                                                                                                                                                                               DATE
 SAL                                                                                                                                                                                    NUMBER(7,2)
 COMM                                                                                                                                                                                   NUMBER(7,2)
 DEPTNO                                                                                                                                                                                 NUMBER(2)

SQL> insert into emp(empno, ename, hiredate) values(7777, '장동건', sysdate)
  2  ;

1 row created.

SQL> select * from emp;

     EMPNO ENAME                JOB                       MGR HIREDATE        SAL       COMM     DEPTNO
---------- -------------------- ------------------ ---------- -------- ---------- ---------- ----------
      7369 SMITH                CLERK                    7902 80/12/17        800                    20
      7499 ALLEN                SALESMAN                 7698 81/02/20       1600        300         30
      7521 WARD                 SALESMAN                 7698 81/02/22       1250        500         30
      7566 JONES                MANAGER                  7839 81/04/02       2975                    20
      7654 MARTIN               SALESMAN                 7698 81/09/28       1250       1400         30
      7698 BLAKE                MANAGER                  7839 81/05/01       2850                    30
      7782 CLARK                MANAGER                  7839 81/06/09       2450                    10
      7788 SCOTT                ANALYST                  7566 82/12/09       3000                    20
      7839 KING                 PRESIDENT                     81/11/17       5000                    10
      7844 TURNER               SALESMAN                 7698 81/09/08       1500          0         30
      7876 ADAMS                CLERK                    7788 83/01/12       1100                    20
      7900 JAMES                CLERK                    7698 81/12/03        950                    30
      7902 FORD                 ANALYST                  7566 81/12/03       3000                    20
      7934 MILLER               CLERK                    7782 82/01/23       1300                    10
      7777 장동건                                             19/12/20

15 rows selected.

SQL> select dname, ename, hiredate
  2  from emp
  3  ;
select dname, ename, hiredate
       *
ERROR at line 1:
ORA-00904: "DNAME": invalid identifier


SQL> select dname, ename, hiredate
  2  from emp e,dept d
  3  where e.deptno = d.deptno;

DNAME                        ENAME                HIREDATE
---------------------------- -------------------- --------
RESEARCH                     SMITH                80/12/17
SALES                        ALLEN                81/02/20
SALES                        WARD                 81/02/22
RESEARCH                     JONES                81/04/02
SALES                        MARTIN               81/09/28
SALES                        BLAKE                81/05/01
ACCOUNTING                   CLARK                81/06/09
RESEARCH                     SCOTT                82/12/09
ACCOUNTING                   KING                 81/11/17
SALES                        TURNER               81/09/08
RESEARCH                     ADAMS                83/01/12
SALES                        JAMES                81/12/03
RESEARCH                     FORD                 81/12/03
ACCOUNTING                   MILLER               82/01/23

14 rows selected.

SQL> select dname, ename, hiredate
  2  from emp e,dept d
  3  where e.deptno = d.deptno(+);

DNAME                        ENAME                HIREDATE
---------------------------- -------------------- --------
ACCOUNTING                   MILLER               82/01/23
ACCOUNTING                   KING                 81/11/17
ACCOUNTING                   CLARK                81/06/09
RESEARCH                     FORD                 81/12/03
RESEARCH                     ADAMS                83/01/12
RESEARCH                     SCOTT                82/12/09
RESEARCH                     JONES                81/04/02
RESEARCH                     SMITH                80/12/17
SALES                        JAMES                81/12/03
SALES                        TURNER               81/09/08
SALES                        BLAKE                81/05/01
SALES                        MARTIN               81/09/28
SALES                        WARD                 81/02/22
SALES                        ALLEN                81/02/20
                             장동건               19/12/20

15 rows selected.

SQL> select * from tab;

TNAME                                                        TABTYPE         CLUSTERID
------------------------------------------------------------ -------------- ----------
CUSTOMER                                                     TABLE
DEPT                                                         TABLE
EMP                                                          TABLE
FACTORY                                                      TABLE
LOCATIONS                                                    TABLE
PRODUCT                                                      TABLE
SALGRADE                                                     TABLE
STORE                                                        TABLE
TEST                                                         TABLE

9 rows selected.

SQL> select * from dept;

    DEPTNO DNAME                        LOC_
---------- ---------------------------- ----
        10 ACCOUNTING                   A1
        20 RESEARCH                     B1
        30 SALES                        C1
        40 OPERATIONS                   A1
        50 INSA

SQL> select d.dname, count(e.deptno)
  2  from dname d, emp e
  3  where d.deptno = e.deptno
  4  group by d.dname;
from dname d, emp e
     *
ERROR at line 2:
ORA-00942: table or view does not exist


SQL> select d.dname, count(e.deptno)
  2  from dept d, emp e
  3  where d.deptno = e.deptno;
select d.dname, count(e.deptno)
       *
ERROR at line 1:
ORA-00937: not a single-group group function


SQL> select d.dname, count(e.deptno)
  2  from dept d, emp e
  3  where d.deptno = e.deptno
  4  group by d.dname;

DNAME                        COUNT(E.DEPTNO)
---------------------------- ---------------
ACCOUNTING                                 3
RESEARCH                                   5
SALES                                      6

SQL> select d.dname 부서명, count(e.deptno) 인원수
  2  from dept d, emp e
  3  where d.deptno(+) = e.deptno
  4  group by d.dname;

부서명                           인원수
---------------------------- ----------
ACCOUNTING                            3
                                      0
RESEARCH                              5
SALES                                 6

SQL> select d.dname 부서명, count(e.empno) 인원수
  2  from dept d, emp e
  3  where d.deptno(+) = e.deptno
  4  group by d.dname;

부서명                           인원수
---------------------------- ----------
ACCOUNTING                            3
                                      1
RESEARCH                              5
SALES                                 6

SQL> select d.dname 부서명, count(e.empno) 인원수
  2  from dept d, emp e
  3  where d.deptno = e.deptno(+)
  4  group by d.dname;

부서명                           인원수
---------------------------- ----------
ACCOUNTING                            3
INSA                                  0
OPERATIONS                            0
RESEARCH                              5
SALES                                 6

SQL> select d.dname 부서명, count(e.empno) 인원수
  2  from dept d, emp e
  3  where d.deptno(+) = e.deptno
  4  group by d.dname
  5  ;

부서명                           인원수
---------------------------- ----------
ACCOUNTING                            3
                                      1
RESEARCH                              5
SALES                                 6

SQL> select nvl(d.dname, '신입사원') 부서명, count(e.empno) 인원수
  2  from dept d, emp e
  3  where d.deptno(+) = e.deptno
  4  group by d.dname;

부서명                           인원수
---------------------------- ----------
ACCOUNTING                            3
신입사원                              1
RESEARCH                              5
SALES                                 6

SQL> select e.empno, e.ename, e.mgr, m.ename
  2  from emp e, emp m
  3  where e.mgr = m.empno;

     EMPNO ENAME                       MGR ENAME
---------- -------------------- ---------- --------------------
      7902 FORD                       7566 JONES
      7788 SCOTT                      7566 JONES
      7900 JAMES                      7698 BLAKE
      7844 TURNER                     7698 BLAKE
      7654 MARTIN                     7698 BLAKE
      7521 WARD                       7698 BLAKE
      7499 ALLEN                      7698 BLAKE
      7934 MILLER                     7782 CLARK
      7876 ADAMS                      7788 SCOTT
      7782 CLARK                      7839 KING
      7698 BLAKE                      7839 KING
      7566 JONES                      7839 KING
      7369 SMITH                      7902 FORD

13 rows selected.

SQL> select * from emp;

     EMPNO ENAME                JOB                       MGR HIREDATE        SAL       COMM     DEPTNO
---------- -------------------- ------------------ ---------- -------- ---------- ---------- ----------
      7369 SMITH                CLERK                    7902 80/12/17        800                    20
      7499 ALLEN                SALESMAN                 7698 81/02/20       1600        300         30
      7521 WARD                 SALESMAN                 7698 81/02/22       1250        500         30
      7566 JONES                MANAGER                  7839 81/04/02       2975                    20
      7654 MARTIN               SALESMAN                 7698 81/09/28       1250       1400         30
      7698 BLAKE                MANAGER                  7839 81/05/01       2850                    30
      7782 CLARK                MANAGER                  7839 81/06/09       2450                    10
      7788 SCOTT                ANALYST                  7566 82/12/09       3000                    20
      7839 KING                 PRESIDENT                     81/11/17       5000                    10
      7844 TURNER               SALESMAN                 7698 81/09/08       1500          0         30
      7876 ADAMS                CLERK                    7788 83/01/12       1100                    20
      7900 JAMES                CLERK                    7698 81/12/03        950                    30
      7902 FORD                 ANALYST                  7566 81/12/03       3000                    20
      7934 MILLER               CLERK                    7782 82/01/23       1300                    10
      7777 장동건                                             19/12/20

15 rows selected.

SQL> select m.ename, count(e.empno)
  2  from emp m, emp e
  3  where m.empno = e.mgr;
select m.ename, count(e.empno)
       *
ERROR at line 1:
ORA-00937: not a single-group group function


SQL> select m.ename, count(e.empno)
  2  from emp m, emp e
  3  where m.empno = e.mgr
  4  group by m.ename;

ENAME                COUNT(E.EMPNO)
-------------------- --------------
JONES                             2
FORD                              1
CLARK                             1
SCOTT                             1
BLAKE                             5
KING                              3

6 rows selected.

SQL> select e.ename, count(e.empno)
  2  from emp m, emp e
  3  where m.empno = e.mgr
  4  group by m.ename;
select e.ename, count(e.empno)
       *
ERROR at line 1:
ORA-00979: not a GROUP BY expression


SQL> select e.ename, count(e.empno)
  2  from emp m, emp e
  3  where m.empno = e.mgr
  4  group by e.ename;

ENAME                COUNT(E.EMPNO)
-------------------- --------------
ALLEN                             1
JONES                             1
FORD                              1
CLARK                             1
MILLER                            1
SMITH                             1
WARD                              1
MARTIN                            1
SCOTT                             1
TURNER                            1
ADAMS                             1
BLAKE                             1
JAMES                             1

13 rows selected.

SQL> select m.ename, count(e.empno)
  2  from emp m, emp e
  3  where m.empno = e.mgr
  4  group by m.ename;

ENAME                COUNT(E.EMPNO)
-------------------- --------------
JONES                             2
FORD                              1
CLARK                             1
SCOTT                             1
BLAKE                             5
KING                              3

6 rows selected.

SQL> select m.ename, count(e.empno)
  2  from emp m, emp e
  3  where m.empno(+) = e.mgr
  4  group by m.ename;

ENAME                COUNT(E.EMPNO)
-------------------- --------------
JONES                             2
                                  2
FORD                              1
CLARK                             1
SCOTT                             1
BLAKE                             5
KING                              3

7 rows selected.

SQL> select nvl(m.ename, '관리자 없음') 관리자,count(e.empno) 인원수
  2  from emp m, emp e
  3  where m.empno(+) = e.mgr
  4  group by m.ename;

관리자                               인원수
-------------------------------- ----------
JONES                                     2
관리자 없음                               2
FORD                                      1
CLARK                                     1
SCOTT                                     1
BLAKE                                     5
KING                                      3

7 rows selected.

SQL> select deptno, avg(sal)
  2  from emp
  3  group by deptno;

    DEPTNO   AVG(SAL)
---------- ----------
        30 1566.66667

        20       2175
        10 2916.66667

SQL> create view countdata
  2  as
  3  select deptno, avg(sal)
  4  from emp
  5  group by deptno;
select deptno, avg(sal)
               *
ERROR at line 3:
ORA-00998: must name this expression with a column alias


SQL> create view countdata
  2  as
  3  select deptno, avg(sal) empcount
  4   from emp
  5   group by deptno;
create view countdata
            *
ERROR at line 1:
ORA-01031: insufficient privileges


SQL> conn system/manager
Connected.
SQL> grant create view to scott;

Grant succeeded.

SQL> conn scott/tiger
Connected.
SQL> create view countdata
  2  as
  3  select deptno, avg(sal) empcount
  4  from emp
  5  group by deptno;

View created.

SQL> select * from tab;

TNAME                                                        TABTYPE         CLUSTERID
------------------------------------------------------------ -------------- ----------
COUNTDATA                                                    VIEW
CUSTOMER                                                     TABLE
DEPT                                                         TABLE
EMP                                                          TABLE
FACTORY                                                      TABLE
LOCATIONS                                                    TABLE
PRODUCT                                                      TABLE
SALGRADE                                                     TABLE
STORE                                                        TABLE
TEST                                                         TABLE

10 rows selected.

SQL> select * from countdata;

    DEPTNO   EMPCOUNT
---------- ----------
        30 1566.66667

        20       2175
        10 2916.66667

SQL> select avg(sal)
  2  from emp
  3  where deptno = 10;

  AVG(SAL)
----------
2916.66667

SQL> select ename, sal
  2  from emp
  3  where sal>2916.66667;

ENAME                       SAL
-------------------- ----------
JONES                      2975
SCOTT                      3000
KING                       5000
FORD                       3000

SQL> select ename, sal
  2  from emp
  3  where sal>(select avg(sal)
  4             from emp
  5             where deptno = 10);

ENAME                       SAL
-------------------- ----------
JONES                      2975
SCOTT                      3000
KING                       5000
FORD                       3000

SQL> select ename, sal
  2  from emp
  3  where sal>(select avg(sal)
  4             from emp);

ENAME                       SAL
-------------------- ----------
JONES                      2975
BLAKE                      2850
CLARK                      2450
SCOTT                      3000
KING                       5000
FORD                       3000

6 rows selected.

SQL> select ename, job, hiredate
  2  from emp
  3  where job = (select job
  4               from emp
  5               job = 'smith';
where job = (select job
             *
ERROR at line 3:
ORA-00921: unexpected end of SQL command


SQL> select ename, job, hiredate
  2  from emp
  3  where job = (select job
  4               from emp
  5               job = 'smith');
             job = 'smith')
                 *
ERROR at line 5:
ORA-00907: missing right parenthesis


SQL> select ename, job, hiredate
  2  from emp
  3  where job is (select job
  4               from emp
  5               job = 'smith');
where job is (select job
             *
ERROR at line 3:
ORA-00908: missing NULL keyword


SQL> select ename, job, hiredate
  2  from emp
  3  where job = (select job
  4               from emp
  5               job = 'smith');
             job = 'smith')
                 *
ERROR at line 5:
ORA-00907: missing right parenthesis


SQL> select ename, job, hiredate
  2  from emp
  3  where job = (select job
  4               from emp
  5               job = 'smith');
             job = 'smith')
                 *
ERROR at line 5:
ORA-00907: missing right parenthesis


SQL> select ename, job, hiredate
  2  from emp
  3  where job = (select job
  4               from emp
  5               job = 'SMITH');
             job = 'SMITH')
                 *
ERROR at line 5:
ORA-00907: missing right parenthesis


SQL> select ename, job, hiredate
  2  from emp
  3  where job = (select job
  4               from emp
  5               ename = 'SMITH');
             ename = 'SMITH')
                   *
ERROR at line 5:
ORA-00907: missing right parenthesis


SQL> select ename, job, hiredate
  2  from emp
  3  where job = (select job
  4               from emp
  5               where ename = 'SMITH');

ENAME                JOB                HIREDATE
-------------------- ------------------ --------
SMITH                CLERK              80/12/17
ADAMS                CLERK              83/01/12
JAMES                CLERK              81/12/03
MILLER               CLERK              82/01/23

SQL> select ename, job, hiredate
  2  from emp
  3  where job = (select job
  4               from emp
  5               where ename = 'SMITH')
  6  and ename is not 'SMITH';
and ename is not 'SMITH'
                 *
ERROR at line 6:
ORA-00908: missing NULL keyword


SQL> select *
  2  from emp
  3  where job = (select job
  4               from emp
  5               where deptno=10);
where job = (select job
             *
ERROR at line 3:
ORA-01427: single-row subquery returns more than one row


SQL> select job
  2  from emp
  3  where deptno=10;

JOB
------------------
MANAGER
PRESIDENT
CLERK

SQL> select ename, job, hiredate
  2  from emp
  3  where job = (select job
  4               from emp
  5               where ename = 'SMITH')
  6  and ename not like 'SMITH';

ENAME                JOB                HIREDATE
-------------------- ------------------ --------
ADAMS                CLERK              83/01/12
JAMES                CLERK              81/12/03
MILLER               CLERK              82/01/23

SQL> select ename, deptno
  2  from emp
  3  where ename = (select ename
  4                 from emp
  5                 where ename like '%T%');
where ename = (select ename
               *
ERROR at line 3:
ORA-01427: single-row subquery returns more than one row


SQL> select ename, deptno
  2  from emp
  3  where  = (select enam;
where  = (select enam
       *
ERROR at line 3:
ORA-00936: missing expression


SQL> select ename, deptno from emp;

ENAME                    DEPTNO
-------------------- ----------
SMITH                        20
ALLEN                        30
WARD                         30
JONES                        20
MARTIN                       30
BLAKE                        30
CLARK                        10
SCOTT                        20
KING                         10
TURNER                       30
ADAMS                        20
JAMES                        30
FORD                         20
MILLER                       10
장동건

15 rows selected.

SQL> select *
  2  from emp
  3  where job = (select job
  4               from emp
  5               where deptno=10);
where job = (select job
             *
ERROR at line 3:
ORA-01427: single-row subquery returns more than one row


SQL> select *
  2  from emp
  3  where job in (select job
  4                from emp
  5                where deptno = 10);

     EMPNO ENAME                JOB                       MGR HIREDATE        SAL       COMM     DEPTNO
---------- -------------------- ------------------ ---------- -------- ---------- ---------- ----------
      7782 CLARK                MANAGER                  7839 81/06/09       2450                    10
      7698 BLAKE                MANAGER                  7839 81/05/01       2850                    30
      7566 JONES                MANAGER                  7839 81/04/02       2975                    20
      7839 KING                 PRESIDENT                     81/11/17       5000                    10
      7934 MILLER               CLERK                    7782 82/01/23       1300                    10
      7900 JAMES                CLERK                    7698 81/12/03        950                    30
      7876 ADAMS                CLERK                    7788 83/01/12       1100                    20
      7369 SMITH                CLERK                    7902 80/12/17        800                    20

8 rows selected.

SQL> select ename, deptno
  2  from emp
  3  where deptno in (select ename
  4                   from emp
  5                   where ename like '%T%');
where deptno in (select ename
                        *
ERROR at line 3:
ORA-01722: invalid number


SQL> select ename, deptno
  2  from emp
  3  where deptno in (select deptno
  4                   from emp
  5                   where ename like '%T%');

ENAME                    DEPTNO
-------------------- ----------
FORD                         20
ADAMS                        20
SCOTT                        20
JONES                        20
SMITH                        20
JAMES                        30
TURNER                       30
BLAKE                        30
MARTIN                       30
WARD                         30
ALLEN                        30

11 rows selected.

SQL> select ename, deptno, sal
  2  from emp
  3  where sal > (select max(sal)
  4               from emp
  5               where deptno = '20');

ENAME                    DEPTNO        SAL
-------------------- ---------- ----------
KING                         10       5000

SQL> select ename, hiredate, sal
  2  from emp
  3  where sal > (select avg(sal)
  4               from emp
  5               where hiredate BETWEEN '1982/1/1 AND '1982/12/31';
ERROR:
ORA-01756: quoted string not properly terminated


SQL> select ename, hiredate, sal
  2  from emp
  3  where sal > (select avg(sal)
  4               from emp
  5               where hiredate BETWEEN '1982/1/1' AND '1982/12/31';
where sal > (select avg(sal)
             *
ERROR at line 3:
ORA-00921: unexpected end of SQL command


SQL> select ename, hiredate, sal
  2  from emp
  3  where sal > (select avg(sal)
  4               from emp
  5               where hiredate BETWEEN '1982/1/1' AND '1982/12/31');

ENAME                HIREDATE        SAL
-------------------- -------- ----------
JONES                81/04/02       2975
BLAKE                81/05/01       2850
CLARK                81/06/09       2450
SCOTT                82/12/09       3000
KING                 81/11/17       5000
FORD                 81/12/03       3000

6 rows selected.

SQL> select ename, hiredate, sal
  2  from emp
  3  where sal > (select avg(sal)
  4               from emp
  5               where hiredate like '%82');

no rows selected

SQL> select sal
  2  from emp
  3  where deptno = 10;

       SAL
----------
      2450
      5000
      1300

SQL> select ename, sal
  2  from emp
  3  where sal <any(select sal
  4                 frrom emp
  5                 where deptno=10);
               frrom emp
                     *
ERROR at line 4:
ORA-00923: FROM keyword not found where expected


SQL> select ename, sal
  2  from emp
  3  where sal <any(select sal
  4                 from emp
  5                 where deptno=10);

ENAME                       SAL
-------------------- ----------
SMITH                       800
JAMES                       950
ADAMS                      1100
WARD                       1250
MARTIN                     1250
MILLER                     1300
TURNER                     1500
ALLEN                      1600
CLARK                      2450
BLAKE                      2850
JONES                      2975
FORD                       3000
SCOTT                      3000

13 rows selected.

SQL> select ename, sal
  2  from emp
  3  where sal <all(select sal
  4                 from emp
  5                 where deptno=10);

ENAME                       SAL
-------------------- ----------
WARD                       1250
MARTIN                     1250
ADAMS                      1100
JAMES                       950
SMITH                       800

SQL> select ename, sal
  2  from emp
  3  where sal >any(select sal
  4                 from emp
  5                 where deptno=10);

ENAME                       SAL
-------------------- ----------
KING                       5000
FORD                       3000
SCOTT                      3000
JONES                      2975
BLAKE                      2850
CLARK                      2450
ALLEN                      1600
TURNER                     1500

8 rows selected.

SQL> select ename, sal
  2  from emp
  3  where sal >all(select sal
  4                 from emp
  5                 where deptno=10);

no rows selected

SQL> select * from emp;

     EMPNO ENAME                JOB                       MGR HIREDATE        SAL       COMM     DEPTNO
---------- -------------------- ------------------ ---------- -------- ---------- ---------- ----------
      7369 SMITH                CLERK                    7902 80/12/17        800                    20
      7499 ALLEN                SALESMAN                 7698 81/02/20       1600        300         30
      7521 WARD                 SALESMAN                 7698 81/02/22       1250        500         30
      7566 JONES                MANAGER                  7839 81/04/02       2975                    20
      7654 MARTIN               SALESMAN                 7698 81/09/28       1250       1400         30
      7698 BLAKE                MANAGER                  7839 81/05/01       2850                    30
      7782 CLARK                MANAGER                  7839 81/06/09       2450                    10
      7788 SCOTT                ANALYST                  7566 82/12/09       3000                    20
      7839 KING                 PRESIDENT                     81/11/17       5000                    10
      7844 TURNER               SALESMAN                 7698 81/09/08       1500          0         30
      7876 ADAMS                CLERK                    7788 83/01/12       1100                    20
      7900 JAMES                CLERK                    7698 81/12/03        950                    30
      7902 FORD                 ANALYST                  7566 81/12/03       3000                    20
      7934 MILLER               CLERK                    7782 82/01/23       1300                    10
      7777 장동건                                             19/12/20

15 rows selected.

SQL> select *from dept;

    DEPTNO DNAME                        LOC_
---------- ---------------------------- ----
        10 ACCOUNTING                   A1
        20 RESEARCH                     B1
        30 SALES                        C1
        40 OPERATIONS                   A1
        50 INSA

SQL> select d.dname 부서, e.ename, e.deptno, e.sal, e.hiredate
  2  from emp e, dept t
  3  where e.deptno = d.deptno;
where e.deptno = d.deptno
                   *
ERROR at line 3:
ORA-00904: "D"."DEPTNO": invalid identifier


SQL> select d.dname 부서, min(e.sal) 최소급여
  2  from dept d, emp e
  3  where d.deptno = e.deptno;
select d.dname 부서, min(e.sal) 최소급여
       *
ERROR at line 1:
ORA-00937: not a single-group group function


SQL> select d.dname 부서, min(e.sal) 최소급여
  2  from dept d, emp e
  3  where d.deptno = e.deptno
  4  group by d.dname;

부서                           최소급여
---------------------------- ----------
ACCOUNTING                         1300
RESEARCH                            800
SALES                               950

SQL> select d.dname 부서, min(e.sal) 최소급여
  2  from depte d, emp e
  3  where ;
where
     *
ERROR at line 3:
ORA-00936: missing expression


SQL> select d.dname 부서, min(e.sal) 최소급여
  2  from dept d, emp e
  3  where d.deptno = e.deptno
  4  group by d.dname;

부서                           최소급여
---------------------------- ----------
ACCOUNTING                         1300
RESEARCH                            800
SALES                               950

SQL> select d.dname 부서, min(e.sal) 최소급여
  2  from dept d, emp e
  3  where d.deptno = e.deptno(+)
  4  group by d.dname;

부서                           최소급여
---------------------------- ----------
ACCOUNTING                         1300
INSA
OPERATIONS
RESEARCH                            800
SALES                               950

SQL> select ename, deptno, sal, hiredate
  2  from emp
  3  where sal <all(select sal
  4                 from emp);

no rows selected

SQL> select ename, deptno, sal, hiredate
  2  from emp
  3  where sal <any(select sal
  4                 from emp);

ENAME                    DEPTNO        SAL HIREDATE
-------------------- ---------- ---------- --------
SMITH                        20        800 80/12/17
JAMES                        30        950 81/12/03
ADAMS                        20       1100 83/01/12
WARD                         30       1250 81/02/22
MARTIN                       30       1250 81/09/28
MILLER                       10       1300 82/01/23
TURNER                       30       1500 81/09/08
ALLEN                        30       1600 81/02/20
CLARK                        10       2450 81/06/09
BLAKE                        30       2850 81/05/01
JONES                        20       2975 81/04/02
FORD                         20       3000 81/12/03
SCOTT                        20       3000 82/12/09

13 rows selected.

SQL> select ename, deptno, sal, hiredate
  2  from emp
  3  where sal <any(select sal;
where sal <any(select sal
                        *
ERROR at line 3:
ORA-00923: FROM keyword not found where expected


SQL> select deptno, avg(sal)
  2  from emp
  3  group by deptno;

    DEPTNO   AVG(SAL)
---------- ----------
        30 1566.66667

        20       2175
        10 2916.66667

SQL> select deptno, min(sal)
  2  from emp
  3  group by deptno;

    DEPTNO   MIN(SAL)
---------- ----------
        30        950

        20        800
        10       1300

SQL> select ename, deptno, sal, hiredate
  2  from emp
  3  where sal in (select min(sal)
  4                from emp
  5                group by deptno);

ENAME                    DEPTNO        SAL HIREDATE
-------------------- ---------- ---------- --------
SMITH                        20        800 80/12/17
JAMES                        30        950 81/12/03
MILLER                       10       1300 82/01/23

SQL> update emp
  2  set deptno=20, sal=1300;

15 rows updated.

SQL> rollback;

Rollback complete.

SQL> update emp
  2  set deptno=20, sal=1300
  3  where empno=7777;

1 row updated.

SQL> commit;

Commit complete.

SQL> select ename, deptno, sal
  2  from emp;

ENAME                    DEPTNO        SAL
-------------------- ---------- ----------
SMITH                        20        800
ALLEN                        30       1600
WARD                         30       1250
JONES                        20       2975
MARTIN                       30       1250
BLAKE                        30       2850
CLARK                        10       2450
SCOTT                        20       3000
KING                         10       5000
TURNER                       30       1500
ADAMS                        20       1100
JAMES                        30        950
FORD                         20       3000
MILLER                       10       1300
장동건                       20       1300

15 rows selected.

SQL> select ename, deptno, sal, hiredate
  2  from emp
  3  where sal in (select min(sal)
  4                from emp
  5                group by deptno);

ENAME                    DEPTNO        SAL HIREDATE
-------------------- ---------- ---------- --------
SMITH                        20        800 80/12/17
JAMES                        30        950 81/12/03
MILLER                       10       1300 82/01/23
장동건                       20       1300 19/12/20

SQL> select ename, deptno, sal, hiredate
  2  from emp
  3  where sal in (select min(sal)
  4                from emp
  5                group by deptno);

ENAME                    DEPTNO        SAL HIREDATE
-------------------- ---------- ---------- --------
SMITH                        20        800 80/12/17
JAMES                        30        950 81/12/03
MILLER                       10       1300 82/01/23
장동건                       20       1300 19/12/20

SQL> select ename, deptno, sal, hiredate
  2  from emp
  3  where (deptno, sal) in (select deptno, sal
  4                          from ;
                        from
                            *
ERROR at line 4:
ORA-00920: invalid relational operator


SQL>
SQL> select ename, deptno, sal, hiredate
  2  from emp
  3  where (deptno, sal) in (select deptno, min(sal)
  4                          from emp
  5                          group by deptno);

ENAME                    DEPTNO        SAL HIREDATE
-------------------- ---------- ---------- --------
SMITH                        20        800 80/12/17
JAMES                        30        950 81/12/03
MILLER                       10       1300 82/01/23

SQL> select min(sal)
  2  from emp
  3  group by deptno;

  MIN(SAL)
----------
       950
       800
      1300

SQL> select deptno, min(sal)
  2  from emp
  3  group by deptno;

    DEPTNO   MIN(SAL)
---------- ----------
        30        950
        20        800
        10       1300

SQL> select ename, deptno, sal, hiredate
  2  from emp;

ENAME                    DEPTNO        SAL HIREDATE
-------------------- ---------- ---------- --------
SMITH                        20        800 80/12/17
ALLEN                        30       1600 81/02/20
WARD                         30       1250 81/02/22
JONES                        20       2975 81/04/02
MARTIN                       30       1250 81/09/28
BLAKE                        30       2850 81/05/01
CLARK                        10       2450 81/06/09
SCOTT                        20       3000 82/12/09
KING                         10       5000 81/11/17
TURNER                       30       1500 81/09/08
ADAMS                        20       1100 83/01/12
JAMES                        30        950 81/12/03
FORD                         20       3000 81/12/03
MILLER                       10       1300 82/01/23
장동건                       20       1300 19/12/20

15 rows selected.

SQL> select ename, deptno, sal
  2  from emp
  3  where sal> (select avg(sal)
  4              from emp
  5              where deptno = 현재작업중인 row의 부서코드)
  6
SQL> select ename, deptno, sal
  2  from emp outer
  3  where sal > (select avg(sal)
  4               from emp e
  5               where e.deptno = outer.deptno);

ENAME                    DEPTNO        SAL
-------------------- ---------- ----------
ALLEN                        30       1600
JONES                        20       2975
BLAKE                        30       2850
SCOTT                        20       3000
KING                         10       5000
FORD                         20       3000

6 rows selected.

SQL> select deptcode, countdata
  2  from (select deptno as deptcode, count(empno) as countdata
  3        from emp
  4        group by deptno) mytable;

  DEPTCODE  COUNTDATA
---------- ----------
        30          6
        20          6
        10          3

SQL> select ename, deptno, sal
  2  from ;
from
    *
ERROR at line 2:
ORA-00903: invalid table name


SQL> select e.ename, e.detpno, e.sal
  2  as outer
  3  from(select inner
  4       from ;;
     from ;
          *
ERROR at line 4:
ORA-00911: invalid character


SQL> select e.ename, e.detpno, e.sal as outer
  2  from (select ;
from (select
            *
ERROR at line 2:
ORA-00936: missing expression


SQL> select e.ename, e.deptno, e.sal, d.avgsal
  2  from emp e, (select deptno, avg(sal) avgsal
  3               from emp
  4               group by deptno) d
  5  where e.deptno = d.deptno
  6        and e.sal > d.avgsal;

ENAME                    DEPTNO        SAL     AVGSAL
-------------------- ---------- ---------- ----------
BLAKE                        30       2850 1566.66667
ALLEN                        30       1600 1566.66667
FORD                         20       3000 2029.16667
SCOTT                        20       3000 2029.16667
JONES                        20       2975 2029.16667
KING                         10       5000 2916.66667

6 rows selected.

SQL> select * from tab;

TNAME                                                        TABTYPE         CLUSTERID
------------------------------------------------------------ -------------- ----------
COUNTDATA                                                    VIEW
CUSTOMER                                                     TABLE
DEPT                                                         TABLE
EMP                                                          TABLE
FACTORY                                                      TABLE
LOCATIONS                                                    TABLE
PRODUCT                                                      TABLE
SALGRADE                                                     TABLE
STORE                                                        TABLE
TEST                                                         TABLE

10 rows selected.

SQL> create table member(
  2        id varchar2(10),
  3        pass varch2(10),
  4        addr varch2(20));
      pass varch2(10),
                 *
ERROR at line 3:
ORA-00907: missing right parenthesis


SQL> create table member(
  2        id varchar2(10),
  3        pass varchar2(10),
  4        addr varch2(20));
      addr varch2(20))
                 *
ERROR at line 4:
ORA-00907: missing right parenthesis


SQL> create table member(
  2        id varchar2(10),
  3        pass varchar2(10),
  4        addr varchar2(20));

Table created.

SQL> insert into member values('jang','1234','서울');

1 row created.

SQL> insert all
  2         into member values('lee','1234','인천')
  3         into member values('lee','1234','인천')
  4         into member valueqwf;;s('lee','1234','인천')
  5
SQL> insert all
  2         into member values('lee','1234','인천')
  3         into member values('kang','1234','안산')
  4         into member valueqwf;;s('hong','1234','수원')
  5  select * from dual;
       into member valueqwf;;s('hong','1234','수원')
                       *
ERROR at line 4:
ORA-00928: missing SELECT keyword


SQL> insert all
  2         into member values('lee','1234','인천')
  3         into member values('kang','1234','안산')
  4         into member values('hong','1234','수원')
  5  select * from dual;

3 rows created.

SQL> select * from member;

ID                   PASS                 ADDR
-------------------- -------------------- ----------------------------------------
jang                 1234                 서울
lee                  1234                 인천
kang                 1234                 안산
hong                 1234                 수원

SQL> insert into member values('jjang',null,null);

1 row created.

SQL> select * from member;

ID                   PASS                 ADDR
-------------------- -------------------- ----------------------------------------
jang                 1234                 서울
lee                  1234                 인천
kang                 1234                 안산
hong                 1234                 수원
jjang

SQL> commit;

Commit complete.

SQL> delete member;

5 rows deleted.

SQL> select * from member;

no rows selected

SQL> rollback;

Rollback complete.

SQL> select * from member;

ID                   PASS                 ADDR
-------------------- -------------------- ----------------------------------------
jang                 1234                 서울
lee                  1234                 인천
kang                 1234                 안산
hong                 1234                 수원
jjang

SQL> delete from member;

5 rows deleted.

SQL> rollback;

Rollback complete.

SQL> delete from member
  2  where id = 'jjang';

1 row deleted.

SQL> select * from member;

ID                   PASS                 ADDR
-------------------- -------------------- ----------------------------------------
jang                 1234                 서울
lee                  1234                 인천
kang                 1234                 안산
hong                 1234                 수원

SQL> update member
  2  set addr=(select addr
  3            from member
  4            where id='jang')
  5  where id='lee';

1 row updated.

SQL> select * from member;

ID                   PASS                 ADDR
-------------------- -------------------- ----------------------------------------
jang                 1234                 서울
lee                  1234                 서울
kang                 1234                 안산
hong                 1234                 수원

SQL> delete
  2  from member
  3  where addr = (select addr
  4                from member
  5                where id = 'jang');

2 rows deleted.

SQL> commit;

Commit complete.

SQL>
